###############################################################################
#
# IAR ANSI C/C++ Compiler V9.30.1.335/W64 for ARM         20/Dec/2022  11:21:44
# Copyright 1999-2022 IAR Systems AB.
#
#    Cpu mode          =  thumb
#    Endian            =  little
#    Source file       =
#        C:\code\Embedded_Lab\term_project\Libraries\MODULES\handler.c
#    Command line      =
#        -f
#        C:\code\Embedded_Lab\term_project\Debug\Obj\Libraries\MODULES\handler.o.rsp
#        (C:\code\Embedded_Lab\term_project\Libraries\MODULES\handler.c -D
#        USE_STDPERIPH_DRIVER -D STM32F10X_CL -lC
#        C:\code\Embedded_Lab\term_project\Debug\List\Libraries\MODULES -o
#        C:\code\Embedded_Lab\term_project\Debug\Obj\Libraries\MODULES --no_cse
#        --no_unroll --no_inline --no_code_motion --no_tbaa --no_clustering
#        --no_scheduling --debug --endian=little --cpu=Cortex-M3 -e --fpu=None
#        --dlib_config "C:\Program Files\IAR Systems\Embedded Workbench
#        9.1\arm\inc\c\DLib_Config_Normal.h" -I
#        C:\code\Embedded_Lab\term_project\libraries\CMSIS\DeviceSupport\ -I
#        C:\code\Embedded_Lab\term_project\libraries\CMSIS\DeviceSupport\Startup\
#        -I
#        C:\code\Embedded_Lab\term_project\libraries\STM32F10x_StdPeriph_Driver_v3.5\inc\
#        -I
#        C:\code\Embedded_Lab\term_project\libraries\STM32F10x_StdPeriph_Driver_v3.5\src\
#        -I C:\code\Embedded_Lab\term_project\libraries\LCD\ -I
#        C:\code\Embedded_Lab\term_project\libraries\MODULES\ -I
#        C:\code\Embedded_Lab\term_project\user\ -I
#        C:\code\Embedded_Lab\term_project\user\inc\ -Ol -I "C:\Program
#        Files\IAR Systems\Embedded Workbench 9.1\arm\CMSIS\Core\Include\\")
#        --dependencies=n
#        C:\code\Embedded_Lab\term_project\Debug\Obj\Libraries\MODULES\handler.o.d
#    Locale            =  C
#    List file         =
#        C:\code\Embedded_Lab\term_project\Debug\List\Libraries\MODULES\handler.lst
#    Object file       =
#        C:\code\Embedded_Lab\term_project\Debug\Obj\Libraries\MODULES\handler.o
#    Runtime model:       
#      __CPP_Runtime   =  1
#      __SystemLibrary =  DLib
#      __dlib_version  =  6
#      __size_limit    =  32768|ARM.EW.LINKER
#
###############################################################################

C:\code\Embedded_Lab\term_project\Libraries\MODULES\handler.c
      1          #include "stm32f10x.h"
      2          #include "dist.h"
      3          #include "ultra.h"
      4          

   \                                 In section .text, align 2, keep-with-next
      5          void ADC1_2_IRQHandler(void) {
   \                     ADC1_2_IRQHandler: (+1)
   \        0x0   0xB580             PUSH     {R7,LR}
      6              Dist_IRQHandler();
   \        0x2   0x.... 0x....      BL       Dist_IRQHandler
      7          }
   \        0x6   0xBD01             POP      {R0,PC}
      8          

   \                                 In section .text, align 2, keep-with-next
      9          void TIM3_IRQHandler(void) {
   \                     TIM3_IRQHandler: (+1)
   \        0x0   0xB580             PUSH     {R7,LR}
     10              Ultra_TIM3_IRQHandler();
   \        0x2   0x.... 0x....      BL       Ultra_TIM3_IRQHandler
     11          }
   \        0x6   0xBD01             POP      {R0,PC}

   Maximum stack usage in bytes:

   .cstack Function
   ------- --------
       8   ADC1_2_IRQHandler
         8   -> Dist_IRQHandler
       8   TIM3_IRQHandler
         8   -> Ultra_TIM3_IRQHandler


   Section sizes:

   Bytes  Function/Label
   -----  --------------
       8  ADC1_2_IRQHandler
       8  TIM3_IRQHandler

 
 16 bytes in section .text
 
 16 bytes of CODE memory

Errors: none
Warnings: none
