###############################################################################
#
# IAR ELF Linker V9.30.1.335/W64 for ARM                  19/Dec/2022  20:35:39
# Copyright 2007-2022 IAR Systems AB.
#
#    Output file  =  C:\code\Embedded_Lab\term_project\Debug\Exe\newPro.out
#    Map file     =  C:\code\Embedded_Lab\term_project\Debug\List\newPro.map
#    Command line =
#        -f C:\code\Embedded_Lab\term_project\Debug\Exe\newPro.out.rsp
#        (C:\code\Embedded_Lab\term_project\Debug\Obj\CoreSupport\core_cm3.o
#        C:\code\Embedded_Lab\term_project\Debug\Obj\Libraries\MODULES\dcmotor.o
#        C:\code\Embedded_Lab\term_project\Debug\Obj\Libraries\MODULES\GP2Y.o
#        C:\code\Embedded_Lab\term_project\Debug\Obj\Libraries\LCD\lcd.o
#        C:\code\Embedded_Lab\term_project\Debug\Obj\user\main.o
#        C:\code\Embedded_Lab\term_project\Debug\Obj\Libraries\STM32F10x_StdPeriph_Driver_v3.5\src\misc.o
#        C:\code\Embedded_Lab\term_project\Debug\Obj\Libraries\MODULES\pwm.o
#        C:\code\Embedded_Lab\term_project\Debug\Obj\Libraries\MODULES\servo.o
#        C:\code\Embedded_Lab\term_project\Debug\Obj\Libraries\CMSIS\DeviceSupport\StartUp\startup_stm32f10x_cl.o
#        C:\code\Embedded_Lab\term_project\Debug\Obj\Libraries\STM32F10x_StdPeriph_Driver_v3.5\src\stm32f10x_adc.o
#        C:\code\Embedded_Lab\term_project\Debug\Obj\Libraries\STM32F10x_StdPeriph_Driver_v3.5\src\stm32f10x_bkp.o
#        C:\code\Embedded_Lab\term_project\Debug\Obj\Libraries\STM32F10x_StdPeriph_Driver_v3.5\src\stm32f10x_can.o
#        C:\code\Embedded_Lab\term_project\Debug\Obj\Libraries\STM32F10x_StdPeriph_Driver_v3.5\src\stm32f10x_cec.o
#        C:\code\Embedded_Lab\term_project\Debug\Obj\Libraries\STM32F10x_StdPeriph_Driver_v3.5\src\stm32f10x_crc.o
#        C:\code\Embedded_Lab\term_project\Debug\Obj\Libraries\STM32F10x_StdPeriph_Driver_v3.5\src\stm32f10x_dac.o
#        C:\code\Embedded_Lab\term_project\Debug\Obj\Libraries\STM32F10x_StdPeriph_Driver_v3.5\src\stm32f10x_dbgmcu.o
#        C:\code\Embedded_Lab\term_project\Debug\Obj\Libraries\STM32F10x_StdPeriph_Driver_v3.5\src\stm32f10x_dma.o
#        C:\code\Embedded_Lab\term_project\Debug\Obj\Libraries\STM32F10x_StdPeriph_Driver_v3.5\src\stm32f10x_exti.o
#        C:\code\Embedded_Lab\term_project\Debug\Obj\Libraries\STM32F10x_StdPeriph_Driver_v3.5\src\stm32f10x_flash.o
#        C:\code\Embedded_Lab\term_project\Debug\Obj\Libraries\STM32F10x_StdPeriph_Driver_v3.5\src\stm32f10x_fsmc.o
#        C:\code\Embedded_Lab\term_project\Debug\Obj\Libraries\STM32F10x_StdPeriph_Driver_v3.5\src\stm32f10x_gpio.o
#        C:\code\Embedded_Lab\term_project\Debug\Obj\Libraries\STM32F10x_StdPeriph_Driver_v3.5\src\stm32f10x_i2c.o
#        C:\code\Embedded_Lab\term_project\Debug\Obj\user\stm32f10x_it.o
#        C:\code\Embedded_Lab\term_project\Debug\Obj\Libraries\STM32F10x_StdPeriph_Driver_v3.5\src\stm32f10x_iwdg.o
#        C:\code\Embedded_Lab\term_project\Debug\Obj\Libraries\STM32F10x_StdPeriph_Driver_v3.5\src\stm32f10x_pwr.o
#        C:\code\Embedded_Lab\term_project\Debug\Obj\Libraries\STM32F10x_StdPeriph_Driver_v3.5\src\stm32f10x_rcc.o
#        C:\code\Embedded_Lab\term_project\Debug\Obj\Libraries\STM32F10x_StdPeriph_Driver_v3.5\src\stm32f10x_rtc.o
#        C:\code\Embedded_Lab\term_project\Debug\Obj\Libraries\STM32F10x_StdPeriph_Driver_v3.5\src\stm32f10x_sdio.o
#        C:\code\Embedded_Lab\term_project\Debug\Obj\Libraries\STM32F10x_StdPeriph_Driver_v3.5\src\stm32f10x_spi.o
#        C:\code\Embedded_Lab\term_project\Debug\Obj\Libraries\STM32F10x_StdPeriph_Driver_v3.5\src\stm32f10x_tim.o
#        C:\code\Embedded_Lab\term_project\Debug\Obj\Libraries\STM32F10x_StdPeriph_Driver_v3.5\src\stm32f10x_usart.o
#        C:\code\Embedded_Lab\term_project\Debug\Obj\Libraries\STM32F10x_StdPeriph_Driver_v3.5\src\stm32f10x_wwdg.o
#        C:\code\Embedded_Lab\term_project\Debug\Obj\Libraries\CMSIS\DeviceSupport\system_stm32f10x.o
#        C:\code\Embedded_Lab\term_project\Debug\Obj\Libraries\MODULES\tim.o
#        C:\code\Embedded_Lab\term_project\Debug\Obj\Libraries\LCD\touch.o
#        C:\code\Embedded_Lab\term_project\Debug\Obj\Libraries\MODULES\uart.o
#        C:\code\Embedded_Lab\term_project\Debug\Obj\Libraries\MODULES\ultra.o
#        --no_out_extension -o
#        C:\code\Embedded_Lab\term_project\Debug\Exe\newPro.out --map
#        C:\code\Embedded_Lab\term_project\Debug\List\newPro.map --log
#        libraries,initialization,modules,redirects,sections,veneers,unused_fragments,call_graph
#        --log_file C:\code\Embedded_Lab\term_project\Debug\List\newPro.log
#        --config "C:\Program Files\IAR Systems\Embedded Workbench
#        9.1\arm/config/linker/ST/stm32f107xC.icf" --semihosting --entry
#        __iar_program_start --vfe --text_out locale --cpu=Cortex-M3
#        --fpu=None)
#
###############################################################################

*******************************************************************************
*** RUNTIME MODEL ATTRIBUTES
***

CppFlavor       = *
__CPP_Runtime   = 1
__SystemLibrary = DLib
__dlib_version  = 6


*******************************************************************************
*** HEAP SELECTION
***

The basic heap was selected because --advanced_heap
was not specified and the application did not appear to
be primarily optimized for speed.


*******************************************************************************
*** PLACEMENT SUMMARY
***

"A0":  place at address 0x800'0000 { ro section .intvec };
"P1":  place in [from 0x800'0000 to 0x803'ffff] { ro };
define block CSTACK with size = 4K, alignment = 8 { };
define block HEAP with size = 4K, alignment = 8 { };
"P2":  place in [from 0x2000'0000 to 0x2000'ffff] {
          rw, block CSTACK, block HEAP };
initialize by copy { rw };

  Section            Kind         Address    Size  Object
  -------            ----         -------    ----  ------
"A0":                                       0x150
  .intvec            ro code   0x800'0000   0x150  startup_stm32f10x_cl.o [3]
                             - 0x800'0150   0x150

"P1":                                       0xaff
  .text              ro code   0x800'0150   0x3a4  stm32f10x_tim.o [6]
  .text              ro code   0x800'04f4   0x1d2  main.o [7]
  .text              ro code   0x800'06c6    0x3a  packbits_init_single.o [10]
  .text              ro code   0x800'0700    0x40  stm32f10x_rcc.o [6]
  .text              ro code   0x800'0740    0xe2  stm32f10x_gpio.o [6]
  .text              ro code   0x800'0824    0x70  misc.o [6]
  .text              ro code   0x800'0894   0x150  system_stm32f10x.o [2]
  .text              ro code   0x800'09e4    0x3c  stm32f10x_adc.o [6]
  .text              ro code   0x800'0a20    0x34  GP2Y.o [5]
  .text              ro code   0x800'0a54    0x1a  U32ToFlt.o [9]
  .text              ro code   0x800'0a70    0x28  data_init.o [10]
  .iar.init_table    const     0x800'0a98    0x10  - Linker created -
  .text              ro code   0x800'0aa8    0x1e  cmain.o [10]
  .text              ro code   0x800'0ac6     0x4  low_level_init.o [8]
  .text              ro code   0x800'0aca     0x4  exit.o [8]
  .text              ro code   0x800'0ad0     0xa  cexit.o [10]
  .text              ro code   0x800'0adc    0x14  exit.o [11]
  .text              ro code   0x800'0af0    0x1c  cstartup_M.o [10]
  .text              ro code   0x800'0b0c    0x12  stm32f10x_it.o [7]
  .text              ro code   0x800'0b20    0x10  startup_stm32f10x_cl.o [3]
  .text              ro code   0x800'0b30     0x4  startup_stm32f10x_cl.o [3]
  .text              ro code   0x800'0b34     0x4  startup_stm32f10x_cl.o [3]
  .text              ro code   0x800'0b38     0x4  startup_stm32f10x_cl.o [3]
  .text              ro code   0x800'0b3c     0x4  startup_stm32f10x_cl.o [3]
  .text              ro code   0x800'0b40     0x4  startup_stm32f10x_cl.o [3]
  .text              ro code   0x800'0b44     0x4  startup_stm32f10x_cl.o [3]
  .text              ro code   0x800'0b48     0x4  startup_stm32f10x_cl.o [3]
  .text              ro code   0x800'0b4c     0x4  startup_stm32f10x_cl.o [3]
  .text              ro code   0x800'0b50     0x4  startup_stm32f10x_cl.o [3]
  .text              ro code   0x800'0b54     0x4  startup_stm32f10x_cl.o [3]
  .text              ro code   0x800'0b58     0x4  startup_stm32f10x_cl.o [3]
  .text              ro code   0x800'0b5c     0x4  startup_stm32f10x_cl.o [3]
  .text              ro code   0x800'0b60     0x4  startup_stm32f10x_cl.o [3]
  .text              ro code   0x800'0b64     0x4  startup_stm32f10x_cl.o [3]
  .text              ro code   0x800'0b68     0x4  startup_stm32f10x_cl.o [3]
  .text              ro code   0x800'0b6c     0x4  startup_stm32f10x_cl.o [3]
  .text              ro code   0x800'0b70     0x4  startup_stm32f10x_cl.o [3]
  .text              ro code   0x800'0b74     0x4  startup_stm32f10x_cl.o [3]
  .text              ro code   0x800'0b78     0x4  startup_stm32f10x_cl.o [3]
  .text              ro code   0x800'0b7c     0x4  startup_stm32f10x_cl.o [3]
  .text              ro code   0x800'0b80     0x4  startup_stm32f10x_cl.o [3]
  .text              ro code   0x800'0b84     0x4  startup_stm32f10x_cl.o [3]
  .text              ro code   0x800'0b88     0x4  startup_stm32f10x_cl.o [3]
  .text              ro code   0x800'0b8c     0x4  startup_stm32f10x_cl.o [3]
  .text              ro code   0x800'0b90     0x4  startup_stm32f10x_cl.o [3]
  .text              ro code   0x800'0b94     0x4  startup_stm32f10x_cl.o [3]
  .text              ro code   0x800'0b98     0x4  startup_stm32f10x_cl.o [3]
  .text              ro code   0x800'0b9c     0x4  startup_stm32f10x_cl.o [3]
  .text              ro code   0x800'0ba0     0x4  startup_stm32f10x_cl.o [3]
  .text              ro code   0x800'0ba4     0x4  startup_stm32f10x_cl.o [3]
  .text              ro code   0x800'0ba8     0x4  startup_stm32f10x_cl.o [3]
  .text              ro code   0x800'0bac     0x4  startup_stm32f10x_cl.o [3]
  .text              ro code   0x800'0bb0     0x4  startup_stm32f10x_cl.o [3]
  .text              ro code   0x800'0bb4     0x4  startup_stm32f10x_cl.o [3]
  .text              ro code   0x800'0bb8     0x4  startup_stm32f10x_cl.o [3]
  .text              ro code   0x800'0bbc     0x4  startup_stm32f10x_cl.o [3]
  .text              ro code   0x800'0bc0     0x4  startup_stm32f10x_cl.o [3]
  .text              ro code   0x800'0bc4     0x4  startup_stm32f10x_cl.o [3]
  .text              ro code   0x800'0bc8     0x4  startup_stm32f10x_cl.o [3]
  .text              ro code   0x800'0bcc     0x4  startup_stm32f10x_cl.o [3]
  .text              ro code   0x800'0bd0     0x4  startup_stm32f10x_cl.o [3]
  .text              ro code   0x800'0bd4     0x4  startup_stm32f10x_cl.o [3]
  .text              ro code   0x800'0bd8     0x4  startup_stm32f10x_cl.o [3]
  .text              ro code   0x800'0bdc     0x4  startup_stm32f10x_cl.o [3]
  .text              ro code   0x800'0be0     0x4  startup_stm32f10x_cl.o [3]
  .text              ro code   0x800'0be4     0x4  startup_stm32f10x_cl.o [3]
  .text              ro code   0x800'0be8     0x4  startup_stm32f10x_cl.o [3]
  .text              ro code   0x800'0bec     0x4  startup_stm32f10x_cl.o [3]
  .text              ro code   0x800'0bf0     0x4  startup_stm32f10x_cl.o [3]
  .text              ro code   0x800'0bf4     0x4  startup_stm32f10x_cl.o [3]
  .text              ro code   0x800'0bf8     0x4  startup_stm32f10x_cl.o [3]
  .text              ro code   0x800'0bfc     0x4  startup_stm32f10x_cl.o [3]
  .text              ro code   0x800'0c00     0x4  startup_stm32f10x_cl.o [3]
  .text              ro code   0x800'0c04     0x4  startup_stm32f10x_cl.o [3]
  .text              ro code   0x800'0c08     0x4  startup_stm32f10x_cl.o [3]
  .text              ro code   0x800'0c0c     0x4  startup_stm32f10x_cl.o [3]
  .text              ro code   0x800'0c10     0x4  startup_stm32f10x_cl.o [3]
  .text              ro code   0x800'0c14     0x4  startup_stm32f10x_cl.o [3]
  .text              ro code   0x800'0c18     0x4  startup_stm32f10x_cl.o [3]
  .text              ro code   0x800'0c1c     0x4  startup_stm32f10x_cl.o [3]
  .text              ro code   0x800'0c20     0x4  startup_stm32f10x_cl.o [3]
  .text              ro code   0x800'0c24     0x4  startup_stm32f10x_cl.o [3]
  .text              ro code   0x800'0c28     0x4  startup_stm32f10x_cl.o [3]
  .text              ro code   0x800'0c2c     0x4  startup_stm32f10x_cl.o [3]
  .text              ro code   0x800'0c30     0x4  startup_stm32f10x_cl.o [3]
  .text              ro code   0x800'0c34     0x4  startup_stm32f10x_cl.o [3]
  .text              ro code   0x800'0c38     0x4  startup_stm32f10x_cl.o [3]
  .text              ro code   0x800'0c3c     0x4  startup_stm32f10x_cl.o [3]
  .text              ro code   0x800'0c40     0x4  startup_stm32f10x_cl.o [3]
  .text              ro code   0x800'0c44     0x4  startup_stm32f10x_cl.o [3]
  .rodata            const     0x800'0c48     0x0  packbits_init_single.o [10]
  Initializer bytes  const     0x800'0c48     0x7  <for P2-1>
                             - 0x800'0c4f   0xaff

"P2", part 1 of 2:                           0x18
  P2-1                        0x2000'0000    0x18  <Init block>
    .data            inited   0x2000'0000     0x4  system_stm32f10x.o [2]
    .bss             inited   0x2000'0004     0x4  GP2Y.o [5]
    .bss             inited   0x2000'0008     0x4  main.o [7]
    .bss             inited   0x2000'000c     0x4  main.o [7]
    .bss             inited   0x2000'0010     0x4  main.o [7]
    .bss             inited   0x2000'0014     0x4  main.o [7]
                            - 0x2000'0018    0x18

"P2", part 2 of 2:                         0x1000
  CSTACK                      0x2000'0018  0x1000  <Block>
    CSTACK           uninit   0x2000'0018  0x1000  <Block tail>
                            - 0x2000'1018  0x1000

Unused ranges:

         From           To      Size
         ----           --      ----
   0x800'0c4f   0x803'ffff  0x3'f3b1
  0x2000'1018  0x2000'ffff    0xefe8


*******************************************************************************
*** INIT TABLE
***

          Address      Size
          -------      ----
Copy/packbits (__iar_packbits_init_single3)
    1 source range, total size 0x7 (29% of destination):
           0x800'0c48   0x7
    1 destination range, total size 0x18:
          0x2000'0000  0x18



*******************************************************************************
*** MODULE SUMMARY
***

    Module                  ro code  ro data  rw data
    ------                  -------  -------  -------
command line/config:
    -------------------------------------------------
    Total:

C:\code\Embedded_Lab\term_project\Debug\Obj\CoreSupport: [1]
    -------------------------------------------------
    Total:

C:\code\Embedded_Lab\term_project\Debug\Obj\Libraries\CMSIS\DeviceSupport: [2]
    system_stm32f10x.o          336        1        4
    -------------------------------------------------
    Total:                      336        1        4

C:\code\Embedded_Lab\term_project\Debug\Obj\Libraries\CMSIS\DeviceSupport\StartUp: [3]
    startup_stm32f10x_cl.o      632
    -------------------------------------------------
    Total:                      632

C:\code\Embedded_Lab\term_project\Debug\Obj\Libraries\LCD: [4]
    -------------------------------------------------
    Total:

C:\code\Embedded_Lab\term_project\Debug\Obj\Libraries\MODULES: [5]
    GP2Y.o                       52        1        4
    -------------------------------------------------
    Total:                       52        1        4

C:\code\Embedded_Lab\term_project\Debug\Obj\Libraries\STM32F10x_StdPeriph_Driver_v3.5\src: [6]
    misc.o                      112
    stm32f10x_adc.o              60
    stm32f10x_gpio.o            226
    stm32f10x_rcc.o              64
    stm32f10x_tim.o             932
    -------------------------------------------------
    Total:                    1'394

C:\code\Embedded_Lab\term_project\Debug\Obj\user: [7]
    main.o                      466        5       16
    stm32f10x_it.o               18
    -------------------------------------------------
    Total:                      484        5       16

dl7M_tln.a: [8]
    exit.o                        4
    low_level_init.o              4
    -------------------------------------------------
    Total:                        8

m7M_tl.a: [9]
    U32ToFlt.o                   26
    -------------------------------------------------
    Total:                       26

rt7M_tl.a: [10]
    cexit.o                      10
    cmain.o                      30
    cstartup_M.o                 28
    data_init.o                  40
    packbits_init_single.o       58
    -------------------------------------------------
    Total:                      166

shb_l.a: [11]
    exit.o                       20
    -------------------------------------------------
    Total:                       20

    Gaps                         10
    Linker created                        16    4'096
-----------------------------------------------------
    Grand Total:              3'128       23    4'120


*******************************************************************************
*** ENTRY LIST
***

Entry                       Address  Size  Type      Object
-----                       -------  ----  ----      ------
.iar.init_table$$Base    0x800'0a98         --   Gb  - Linker created -
.iar.init_table$$Limit   0x800'0aa8         --   Gb  - Linker created -
?main                    0x800'0aa9        Code  Gb  cmain.o [10]
ADC1_2_IRQHandler        0x800'0a21  0x2c  Code  Gb  GP2Y.o [5]
ADC_ClearITPendingBit    0x800'0a13   0xe  Code  Gb  stm32f10x_adc.o [6]
ADC_GetConversionValue   0x800'09e5   0x6  Code  Gb  stm32f10x_adc.o [6]
ADC_GetITStatus          0x800'09eb  0x28  Code  Gb  stm32f10x_adc.o [6]
ADC_Val                 0x2000'0004   0x4  Data  Gb  GP2Y.o [5]
BusFault_Handler         0x800'0b13   0x2  Code  Gb  stm32f10x_it.o [7]
CAN1_RX0_IRQHandler      0x800'0ba5        Code  Wk  startup_stm32f10x_cl.o [3]
CAN1_RX1_IRQHandler      0x800'0ba9        Code  Wk  startup_stm32f10x_cl.o [3]
CAN1_SCE_IRQHandler      0x800'0bad        Code  Wk  startup_stm32f10x_cl.o [3]
CAN1_TX_IRQHandler       0x800'0ba1        Code  Wk  startup_stm32f10x_cl.o [3]
CAN2_RX0_IRQHandler      0x800'0c39        Code  Wk  startup_stm32f10x_cl.o [3]
CAN2_RX1_IRQHandler      0x800'0c3d        Code  Wk  startup_stm32f10x_cl.o [3]
CAN2_SCE_IRQHandler      0x800'0c41        Code  Wk  startup_stm32f10x_cl.o [3]
CAN2_TX_IRQHandler       0x800'0c35        Code  Wk  startup_stm32f10x_cl.o [3]
CSTACK$$Base            0x2000'0018         --   Gb  - Linker created -
CSTACK$$Limit           0x2000'1018         --   Gb  - Linker created -
DMA1_Channel1_IRQHandler
                         0x800'0b81        Code  Wk  startup_stm32f10x_cl.o [3]
DMA1_Channel2_IRQHandler
                         0x800'0b85        Code  Wk  startup_stm32f10x_cl.o [3]
DMA1_Channel3_IRQHandler
                         0x800'0b89        Code  Wk  startup_stm32f10x_cl.o [3]
DMA1_Channel4_IRQHandler
                         0x800'0b8d        Code  Wk  startup_stm32f10x_cl.o [3]
DMA1_Channel5_IRQHandler
                         0x800'0b91        Code  Wk  startup_stm32f10x_cl.o [3]
DMA1_Channel6_IRQHandler
                         0x800'0b95        Code  Wk  startup_stm32f10x_cl.o [3]
DMA1_Channel7_IRQHandler
                         0x800'0b99        Code  Wk  startup_stm32f10x_cl.o [3]
DMA2_Channel1_IRQHandler
                         0x800'0c19        Code  Wk  startup_stm32f10x_cl.o [3]
DMA2_Channel2_IRQHandler
                         0x800'0c1d        Code  Wk  startup_stm32f10x_cl.o [3]
DMA2_Channel3_IRQHandler
                         0x800'0c21        Code  Wk  startup_stm32f10x_cl.o [3]
DMA2_Channel4_IRQHandler
                         0x800'0c25        Code  Wk  startup_stm32f10x_cl.o [3]
DMA2_Channel5_IRQHandler
                         0x800'0c29        Code  Wk  startup_stm32f10x_cl.o [3]
DebugMon_Handler         0x800'0b19   0x2  Code  Gb  stm32f10x_it.o [7]
Distance                0x2000'0014   0x4  Data  Gb  main.o [7]
ETH_IRQHandler           0x800'0c2d        Code  Wk  startup_stm32f10x_cl.o [3]
ETH_WKUP_IRQHandler      0x800'0c31        Code  Wk  startup_stm32f10x_cl.o [3]
EXTI0_IRQHandler         0x800'0b6d        Code  Wk  startup_stm32f10x_cl.o [3]
EXTI15_10_IRQHandler     0x800'0bf5        Code  Wk  startup_stm32f10x_cl.o [3]
EXTI1_IRQHandler         0x800'0b71        Code  Wk  startup_stm32f10x_cl.o [3]
EXTI2_IRQHandler         0x800'0b75        Code  Wk  startup_stm32f10x_cl.o [3]
EXTI3_IRQHandler         0x800'0b79        Code  Wk  startup_stm32f10x_cl.o [3]
EXTI4_IRQHandler         0x800'0b7d        Code  Wk  startup_stm32f10x_cl.o [3]
EXTI9_5_IRQHandler       0x800'0bb1        Code  Wk  startup_stm32f10x_cl.o [3]
FLASH_IRQHandler         0x800'0b65        Code  Wk  startup_stm32f10x_cl.o [3]
GPIO_Init                0x800'0741  0xc2  Code  Gb  stm32f10x_gpio.o [6]
GPIO_ReadInputDataBit    0x800'0803  0x14  Code  Gb  stm32f10x_gpio.o [6]
GPIO_ResetBits           0x800'081d   0x6  Code  Gb  stm32f10x_gpio.o [6]
GPIO_SetBits             0x800'0817   0x6  Code  Gb  stm32f10x_gpio.o [6]
HardFault_Handler        0x800'0b0f   0x2  Code  Gb  stm32f10x_it.o [7]
I2C1_ER_IRQHandler       0x800'0bd5        Code  Wk  startup_stm32f10x_cl.o [3]
I2C1_EV_IRQHandler       0x800'0bd1        Code  Wk  startup_stm32f10x_cl.o [3]
I2C2_ER_IRQHandler       0x800'0bdd        Code  Wk  startup_stm32f10x_cl.o [3]
I2C2_EV_IRQHandler       0x800'0bd9        Code  Wk  startup_stm32f10x_cl.o [3]
MemManage_Handler        0x800'0b11   0x2  Code  Gb  stm32f10x_it.o [7]
NMI_Handler              0x800'0b0d   0x2  Code  Gb  stm32f10x_it.o [7]
NVIC_Init                0x800'0825  0x60  Code  Gb  misc.o [6]
OTG_FS_IRQHandler        0x800'0c45        Code  Wk  startup_stm32f10x_cl.o [3]
OTG_FS_WKUP_IRQHandler   0x800'0bfd        Code  Wk  startup_stm32f10x_cl.o [3]
PVD_IRQHandler           0x800'0b59        Code  Wk  startup_stm32f10x_cl.o [3]
PendSV_Handler           0x800'0b1b   0x2  Code  Gb  stm32f10x_it.o [7]
RCC_APB1PeriphClockCmd   0x800'071d  0x1c  Code  Gb  stm32f10x_rcc.o [6]
RCC_APB2PeriphClockCmd   0x800'0701  0x1c  Code  Gb  stm32f10x_rcc.o [6]
RCC_IRQHandler           0x800'0b69        Code  Wk  startup_stm32f10x_cl.o [3]
RTCAlarm_IRQHandler      0x800'0bf9        Code  Wk  startup_stm32f10x_cl.o [3]
RTC_IRQHandler           0x800'0b61        Code  Wk  startup_stm32f10x_cl.o [3]
Region$$Table$$Base      0x800'0a98         --   Gb  - Linker created -
Region$$Table$$Limit     0x800'0aa8         --   Gb  - Linker created -
Reset_Handler            0x800'0b21        Code  Wk  startup_stm32f10x_cl.o [3]
SPI1_IRQHandler          0x800'0be1        Code  Wk  startup_stm32f10x_cl.o [3]
SPI2_IRQHandler          0x800'0be5        Code  Wk  startup_stm32f10x_cl.o [3]
SPI3_IRQHandler          0x800'0c05        Code  Wk  startup_stm32f10x_cl.o [3]
SVC_Handler              0x800'0b17   0x2  Code  Gb  stm32f10x_it.o [7]
SetSysClock              0x800'08e7   0x8  Code  Lc  system_stm32f10x.o [2]
SetSysClockTo72          0x800'08ef  0xd2  Code  Lc  system_stm32f10x.o [2]
SysTick_Handler          0x800'0b1d   0x2  Code  Gb  stm32f10x_it.o [7]
SystemCoreClock         0x2000'0000   0x4  Data  Gb  system_stm32f10x.o [2]
SystemInit               0x800'0895  0x52  Code  Gb  system_stm32f10x.o [2]
TAMPER_IRQHandler        0x800'0b5d        Code  Wk  startup_stm32f10x_cl.o [3]
TI1_Config               0x800'0303  0x66  Code  Lc  stm32f10x_tim.o [6]
TI2_Config               0x800'0371  0x6e  Code  Lc  stm32f10x_tim.o [6]
TI3_Config               0x800'03f5  0x6c  Code  Lc  stm32f10x_tim.o [6]
TI4_Config               0x800'0465  0x6e  Code  Lc  stm32f10x_tim.o [6]
TIM1_BRK_IRQHandler      0x800'0bb5        Code  Wk  startup_stm32f10x_cl.o [3]
TIM1_CC_IRQHandler       0x800'0bc1        Code  Wk  startup_stm32f10x_cl.o [3]
TIM1_TRG_COM_IRQHandler
                         0x800'0bbd        Code  Wk  startup_stm32f10x_cl.o [3]
TIM1_UP_IRQHandler       0x800'0bb9        Code  Wk  startup_stm32f10x_cl.o [3]
TIM2_IRQHandler          0x800'0bc5        Code  Wk  startup_stm32f10x_cl.o [3]
TIM3_IRQHandler          0x800'065f   0x8  Code  Gb  main.o [7]
TIM4_IRQHandler          0x800'0bcd        Code  Wk  startup_stm32f10x_cl.o [3]
TIM5_IRQHandler          0x800'0c01        Code  Wk  startup_stm32f10x_cl.o [3]
TIM6_IRQHandler          0x800'0c11        Code  Wk  startup_stm32f10x_cl.o [3]
TIM7_IRQHandler          0x800'0c15        Code  Wk  startup_stm32f10x_cl.o [3]
TIM_ClearITPendingBit    0x800'02fb   0x8  Code  Gb  stm32f10x_tim.o [6]
TIM_Cmd                  0x800'0253  0x1c  Code  Gb  stm32f10x_tim.o [6]
TIM_GetCapture1          0x800'02d3   0x4  Code  Gb  stm32f10x_tim.o [6]
TIM_GetITStatus          0x800'02d7  0x24  Code  Gb  stm32f10x_tim.o [6]
TIM_ICInit               0x800'01e3  0x70  Code  Gb  stm32f10x_tim.o [6]
TIM_ITConfig             0x800'026f  0x18  Code  Gb  stm32f10x_tim.o [6]
TIM_SetIC1Prescaler      0x800'0287  0x12  Code  Gb  stm32f10x_tim.o [6]
TIM_SetIC2Prescaler      0x800'0299  0x14  Code  Gb  stm32f10x_tim.o [6]
TIM_SetIC3Prescaler      0x800'02ad  0x12  Code  Gb  stm32f10x_tim.o [6]
TIM_SetIC4Prescaler      0x800'02bf  0x14  Code  Gb  stm32f10x_tim.o [6]
TIM_TimeBaseInit         0x800'0151  0x92  Code  Gb  stm32f10x_tim.o [6]
UART4_IRQHandler         0x800'0c09        Code  Wk  startup_stm32f10x_cl.o [3]
UART5_IRQHandler         0x800'0c0d        Code  Wk  startup_stm32f10x_cl.o [3]
USART1_IRQHandler        0x800'0be9        Code  Wk  startup_stm32f10x_cl.o [3]
USART2_IRQHandler        0x800'0bed        Code  Wk  startup_stm32f10x_cl.o [3]
USART3_IRQHandler        0x800'0bf1        Code  Wk  startup_stm32f10x_cl.o [3]
Ultra_GPIO_Configure     0x800'0511  0x3a  Code  Gb  main.o [7]
Ultra_Init               0x800'05db  0x14  Code  Gb  main.o [7]
Ultra_Measure_Distance   0x800'06b1   0xc  Code  Gb  main.o [7]
Ultra_NVIC_Configure     0x800'05b9  0x22  Code  Gb  main.o [7]
Ultra_RCC_Configure      0x800'04f5  0x1c  Code  Gb  main.o [7]
Ultra_TIM3_IRQHandler    0x800'05ef  0x70  Code  Gb  main.o [7]
Ultra_TIM_Configure      0x800'054b  0x6e  Code  Gb  main.o [7]
Ultra_Trigger            0x800'0667  0x24  Code  Gb  main.o [7]
UsageFault_Handler       0x800'0b15   0x2  Code  Gb  stm32f10x_it.o [7]
WWDG_IRQHandler          0x800'0b55        Code  Wk  startup_stm32f10x_cl.o [3]
__aeabi_ui2f             0x800'0a55        Code  Gb  U32ToFlt.o [9]
__cmain                  0x800'0aa9        Code  Gb  cmain.o [10]
__exit                   0x800'0add  0x14  Code  Gb  exit.o [11]
__iar_data_init3         0x800'0a71  0x28  Code  Gb  data_init.o [10]
__iar_packbits_init_single3
                         0x800'06c7  0x3a  Code  Gb  packbits_init_single.o [10]
__iar_program_start      0x800'0af1        Code  Gb  cstartup_M.o [10]
__low_level_init         0x800'0ac7   0x4  Code  Gb  low_level_init.o [8]
__vector_table           0x800'0000        Data  Gb  startup_stm32f10x_cl.o [3]
_call_main               0x800'0ab5        Code  Gb  cmain.o [10]
_exit                    0x800'0ad1        Code  Gb  cexit.o [10]
cap_falling_edge        0x2000'000c   0x4  Data  Gb  main.o [7]
cap_rising_edge         0x2000'0008   0x4  Data  Gb  main.o [7]
exit                     0x800'0acb   0x4  Code  Gb  exit.o [8]
main                     0x800'06bd   0xa  Code  Gb  main.o [7]
pulse_width             0x2000'0010   0x4  Data  Gb  main.o [7]


[1] = C:\code\Embedded_Lab\term_project\Debug\Obj\CoreSupport
[2] = C:\code\Embedded_Lab\term_project\Debug\Obj\Libraries\CMSIS\DeviceSupport
[3] = C:\code\Embedded_Lab\term_project\Debug\Obj\Libraries\CMSIS\DeviceSupport\StartUp
[4] = C:\code\Embedded_Lab\term_project\Debug\Obj\Libraries\LCD
[5] = C:\code\Embedded_Lab\term_project\Debug\Obj\Libraries\MODULES
[6] = C:\code\Embedded_Lab\term_project\Debug\Obj\Libraries\STM32F10x_StdPeriph_Driver_v3.5\src
[7] = C:\code\Embedded_Lab\term_project\Debug\Obj\user
[8] = dl7M_tln.a
[9] = m7M_tl.a
[10] = rt7M_tl.a
[11] = shb_l.a

  3'128 bytes of readonly  code memory
     23 bytes of readonly  data memory
  4'120 bytes of readwrite data memory

Errors: none
Warnings: none
