###############################################################################
#
# IAR ELF Linker V9.30.1.335/W64 for ARM                  21/Dec/2022  02:19:57
# Copyright 2007-2022 IAR Systems AB.
#
#    Output file  =  C:\code\Embedded_Lab\term_project\Debug\Exe\newPro.out
#    Map file     =  C:\code\Embedded_Lab\term_project\Debug\List\newPro.map
#    Command line =
#        -f C:\code\Embedded_Lab\term_project\Debug\Exe\newPro.out.rsp
#        (C:\code\Embedded_Lab\term_project\Debug\Obj\CoreSupport\core_cm3.o
#        C:\code\Embedded_Lab\term_project\Debug\Obj\Libraries\MODULES\dcmotor.o
#        C:\code\Embedded_Lab\term_project\Debug\Obj\Libraries\MODULES\dist.o
#        C:\code\Embedded_Lab\term_project\Debug\Obj\Libraries\MODULES\handler.o
#        C:\code\Embedded_Lab\term_project\Debug\Obj\Libraries\LCD\lcd.o
#        C:\code\Embedded_Lab\term_project\Debug\Obj\user\main.o
#        C:\code\Embedded_Lab\term_project\Debug\Obj\Libraries\STM32F10x_StdPeriph_Driver_v3.5\src\misc.o
#        C:\code\Embedded_Lab\term_project\Debug\Obj\Libraries\MODULES\pir.o
#        C:\code\Embedded_Lab\term_project\Debug\Obj\Libraries\MODULES\servo.o
#        C:\code\Embedded_Lab\term_project\Debug\Obj\Libraries\CMSIS\DeviceSupport\StartUp\startup_stm32f10x_cl.o
#        C:\code\Embedded_Lab\term_project\Debug\Obj\Libraries\STM32F10x_StdPeriph_Driver_v3.5\src\stm32f10x_adc.o
#        C:\code\Embedded_Lab\term_project\Debug\Obj\Libraries\STM32F10x_StdPeriph_Driver_v3.5\src\stm32f10x_bkp.o
#        C:\code\Embedded_Lab\term_project\Debug\Obj\Libraries\STM32F10x_StdPeriph_Driver_v3.5\src\stm32f10x_can.o
#        C:\code\Embedded_Lab\term_project\Debug\Obj\Libraries\STM32F10x_StdPeriph_Driver_v3.5\src\stm32f10x_cec.o
#        C:\code\Embedded_Lab\term_project\Debug\Obj\Libraries\STM32F10x_StdPeriph_Driver_v3.5\src\stm32f10x_crc.o
#        C:\code\Embedded_Lab\term_project\Debug\Obj\Libraries\STM32F10x_StdPeriph_Driver_v3.5\src\stm32f10x_dac.o
#        C:\code\Embedded_Lab\term_project\Debug\Obj\Libraries\STM32F10x_StdPeriph_Driver_v3.5\src\stm32f10x_dbgmcu.o
#        C:\code\Embedded_Lab\term_project\Debug\Obj\Libraries\STM32F10x_StdPeriph_Driver_v3.5\src\stm32f10x_dma.o
#        C:\code\Embedded_Lab\term_project\Debug\Obj\Libraries\STM32F10x_StdPeriph_Driver_v3.5\src\stm32f10x_exti.o
#        C:\code\Embedded_Lab\term_project\Debug\Obj\Libraries\STM32F10x_StdPeriph_Driver_v3.5\src\stm32f10x_flash.o
#        C:\code\Embedded_Lab\term_project\Debug\Obj\Libraries\STM32F10x_StdPeriph_Driver_v3.5\src\stm32f10x_fsmc.o
#        C:\code\Embedded_Lab\term_project\Debug\Obj\Libraries\STM32F10x_StdPeriph_Driver_v3.5\src\stm32f10x_gpio.o
#        C:\code\Embedded_Lab\term_project\Debug\Obj\Libraries\STM32F10x_StdPeriph_Driver_v3.5\src\stm32f10x_i2c.o
#        C:\code\Embedded_Lab\term_project\Debug\Obj\user\stm32f10x_it.o
#        C:\code\Embedded_Lab\term_project\Debug\Obj\Libraries\STM32F10x_StdPeriph_Driver_v3.5\src\stm32f10x_iwdg.o
#        C:\code\Embedded_Lab\term_project\Debug\Obj\Libraries\STM32F10x_StdPeriph_Driver_v3.5\src\stm32f10x_pwr.o
#        C:\code\Embedded_Lab\term_project\Debug\Obj\Libraries\STM32F10x_StdPeriph_Driver_v3.5\src\stm32f10x_rcc.o
#        C:\code\Embedded_Lab\term_project\Debug\Obj\Libraries\STM32F10x_StdPeriph_Driver_v3.5\src\stm32f10x_rtc.o
#        C:\code\Embedded_Lab\term_project\Debug\Obj\Libraries\STM32F10x_StdPeriph_Driver_v3.5\src\stm32f10x_sdio.o
#        C:\code\Embedded_Lab\term_project\Debug\Obj\Libraries\STM32F10x_StdPeriph_Driver_v3.5\src\stm32f10x_spi.o
#        C:\code\Embedded_Lab\term_project\Debug\Obj\Libraries\STM32F10x_StdPeriph_Driver_v3.5\src\stm32f10x_tim.o
#        C:\code\Embedded_Lab\term_project\Debug\Obj\Libraries\STM32F10x_StdPeriph_Driver_v3.5\src\stm32f10x_usart.o
#        C:\code\Embedded_Lab\term_project\Debug\Obj\Libraries\STM32F10x_StdPeriph_Driver_v3.5\src\stm32f10x_wwdg.o
#        C:\code\Embedded_Lab\term_project\Debug\Obj\Libraries\CMSIS\DeviceSupport\system_stm32f10x.o
#        C:\code\Embedded_Lab\term_project\Debug\Obj\Libraries\LCD\touch.o
#        C:\code\Embedded_Lab\term_project\Debug\Obj\Libraries\MODULES\uart.o
#        C:\code\Embedded_Lab\term_project\Debug\Obj\Libraries\MODULES\ultra.o
#        --no_out_extension -o
#        C:\code\Embedded_Lab\term_project\Debug\Exe\newPro.out --map
#        C:\code\Embedded_Lab\term_project\Debug\List\newPro.map --log
#        libraries,initialization,modules,redirects,sections,veneers,unused_fragments,call_graph
#        --log_file C:\code\Embedded_Lab\term_project\Debug\List\newPro.log
#        --config C:\code\Embedded_Lab\term_project\newPro.icf --semihosting
#        --entry __iar_program_start --vfe --text_out locale --cpu=Cortex-M3
#        --fpu=None)
#
###############################################################################

*******************************************************************************
*** RUNTIME MODEL ATTRIBUTES
***

CppFlavor       = *
__CPP_Runtime   = 1
__SystemLibrary = DLib
__dlib_version  = 6


*******************************************************************************
*** HEAP SELECTION
***

The basic heap was selected because --advanced_heap
was not specified and the application did not appear to
be primarily optimized for speed.


*******************************************************************************
*** PLACEMENT SUMMARY
***

"A0":  place at address 0x800'0000 { ro section .intvec };
"P1":  place in [from 0x800'0000 to 0x803'ffff] { ro };
define block CSTACK with size = 8K, alignment = 8 { };
define block HEAP with size = 4K, alignment = 8 { };
"P2":  place in [from 0x2000'0000 to 0x2000'ffff] {
          rw, block CSTACK, block HEAP };
initialize by copy { rw };

  Section            Kind         Address    Size  Object
  -------            ----         -------    ----  ------
"A0":                                       0x150
  .intvec            ro code   0x800'0000   0x150  startup_stm32f10x_cl.o [3]
                             - 0x800'0150   0x150

"P1":                                      0x2039
  .text              ro code   0x800'0150   0x500  stm32f10x_tim.o [6]
  .text              ro code   0x800'0650   0x260  ultra.o [5]
  .text              ro code   0x800'08b0   0x14c  stm32f10x_rcc.o [6]
  .text              ro code   0x800'09fc   0x134  stm32f10x_gpio.o [6]
  .text              ro code   0x800'0b30    0x80  misc.o [6]
  .text              ro code   0x800'0bb0   0x24e  DblAddSub.o [9]
  .text              ro code   0x800'0dfe    0x3a  packbits_init_single.o [10]
  .text              ro code   0x800'0e38   0x246  DblDiv.o [9]
  .text              ro code   0x800'1080   0x1de  stm32f10x_adc.o [6]
  .text              ro code   0x800'1260   0x1bc  uart.o [5]
  .text              ro code   0x800'141c   0x19e  stm32f10x_usart.o [6]
  .text              ro code   0x800'15bc   0x1aa  DblMul.o [9]
  .text              ro code   0x800'1768   0x152  main.o [7]
  .text              ro code   0x800'18bc   0x150  system_stm32f10x.o [2]
  .text              ro code   0x800'1a0c    0xfc  dcmotor.o [5]
  .text              ro code   0x800'1b08   0x11c  dist.o [5]
  .text              ro code   0x800'1c24   0x140  pir.o [5]
  .text              ro code   0x800'1d64   0x10c  servo.o [5]
  .text              ro code   0x800'1e70    0xb4  stm32f10x_exti.o [6]
  .text              ro code   0x800'1f24    0x1c  U32ToDbl.o [9]
  .text              ro code   0x800'1f40    0x36  DblToS32.o [9]
  .text              ro code   0x800'1f78    0x28  data_init.o [10]
  .iar.init_table    const     0x800'1fa0    0x10  - Linker created -
  .text              ro code   0x800'1fb0    0x20  handler.o [5]
  .text              ro code   0x800'1fd0    0x1e  cmain.o [10]
  .text              ro code   0x800'1fee     0x4  low_level_init.o [8]
  .text              ro code   0x800'1ff2     0x4  exit.o [8]
  .text              ro code   0x800'1ff8     0xa  cexit.o [10]
  .text              ro code   0x800'2004    0x14  exit.o [11]
  .text              ro code   0x800'2018    0x1c  cstartup_M.o [10]
  .text              ro code   0x800'2034    0x12  stm32f10x_it.o [7]
  .text              ro code   0x800'2048    0x10  startup_stm32f10x_cl.o [3]
  .text              ro code   0x800'2058     0x4  startup_stm32f10x_cl.o [3]
  .text              ro code   0x800'205c     0x4  startup_stm32f10x_cl.o [3]
  .text              ro code   0x800'2060     0x4  startup_stm32f10x_cl.o [3]
  .text              ro code   0x800'2064     0x4  startup_stm32f10x_cl.o [3]
  .text              ro code   0x800'2068     0x4  startup_stm32f10x_cl.o [3]
  .text              ro code   0x800'206c     0x4  startup_stm32f10x_cl.o [3]
  .text              ro code   0x800'2070     0x4  startup_stm32f10x_cl.o [3]
  .text              ro code   0x800'2074     0x4  startup_stm32f10x_cl.o [3]
  .text              ro code   0x800'2078     0x4  startup_stm32f10x_cl.o [3]
  .text              ro code   0x800'207c     0x4  startup_stm32f10x_cl.o [3]
  .text              ro code   0x800'2080     0x4  startup_stm32f10x_cl.o [3]
  .text              ro code   0x800'2084     0x4  startup_stm32f10x_cl.o [3]
  .text              ro code   0x800'2088     0x4  startup_stm32f10x_cl.o [3]
  .text              ro code   0x800'208c     0x4  startup_stm32f10x_cl.o [3]
  .text              ro code   0x800'2090     0x4  startup_stm32f10x_cl.o [3]
  .text              ro code   0x800'2094     0x4  startup_stm32f10x_cl.o [3]
  .text              ro code   0x800'2098     0x4  startup_stm32f10x_cl.o [3]
  .text              ro code   0x800'209c     0x4  startup_stm32f10x_cl.o [3]
  .text              ro code   0x800'20a0     0x4  startup_stm32f10x_cl.o [3]
  .text              ro code   0x800'20a4     0x4  startup_stm32f10x_cl.o [3]
  .text              ro code   0x800'20a8     0x4  startup_stm32f10x_cl.o [3]
  .text              ro code   0x800'20ac     0x4  startup_stm32f10x_cl.o [3]
  .text              ro code   0x800'20b0     0x4  startup_stm32f10x_cl.o [3]
  .text              ro code   0x800'20b4     0x4  startup_stm32f10x_cl.o [3]
  .text              ro code   0x800'20b8     0x4  startup_stm32f10x_cl.o [3]
  .text              ro code   0x800'20bc     0x4  startup_stm32f10x_cl.o [3]
  .text              ro code   0x800'20c0     0x4  startup_stm32f10x_cl.o [3]
  .text              ro code   0x800'20c4     0x4  startup_stm32f10x_cl.o [3]
  .text              ro code   0x800'20c8     0x4  startup_stm32f10x_cl.o [3]
  .text              ro code   0x800'20cc     0x4  startup_stm32f10x_cl.o [3]
  .text              ro code   0x800'20d0     0x4  startup_stm32f10x_cl.o [3]
  .text              ro code   0x800'20d4     0x4  startup_stm32f10x_cl.o [3]
  .text              ro code   0x800'20d8     0x4  startup_stm32f10x_cl.o [3]
  .text              ro code   0x800'20dc     0x4  startup_stm32f10x_cl.o [3]
  .text              ro code   0x800'20e0     0x4  startup_stm32f10x_cl.o [3]
  .text              ro code   0x800'20e4     0x4  startup_stm32f10x_cl.o [3]
  .text              ro code   0x800'20e8     0x4  startup_stm32f10x_cl.o [3]
  .text              ro code   0x800'20ec     0x4  startup_stm32f10x_cl.o [3]
  .text              ro code   0x800'20f0     0x4  startup_stm32f10x_cl.o [3]
  .text              ro code   0x800'20f4     0x4  startup_stm32f10x_cl.o [3]
  .text              ro code   0x800'20f8     0x4  startup_stm32f10x_cl.o [3]
  .text              ro code   0x800'20fc     0x4  startup_stm32f10x_cl.o [3]
  .text              ro code   0x800'2100     0x4  startup_stm32f10x_cl.o [3]
  .text              ro code   0x800'2104     0x4  startup_stm32f10x_cl.o [3]
  .text              ro code   0x800'2108     0x4  startup_stm32f10x_cl.o [3]
  .text              ro code   0x800'210c     0x4  startup_stm32f10x_cl.o [3]
  .text              ro code   0x800'2110     0x4  startup_stm32f10x_cl.o [3]
  .text              ro code   0x800'2114     0x4  startup_stm32f10x_cl.o [3]
  .text              ro code   0x800'2118     0x4  startup_stm32f10x_cl.o [3]
  .text              ro code   0x800'211c     0x4  startup_stm32f10x_cl.o [3]
  .text              ro code   0x800'2120     0x4  startup_stm32f10x_cl.o [3]
  .text              ro code   0x800'2124     0x4  startup_stm32f10x_cl.o [3]
  .text              ro code   0x800'2128     0x4  startup_stm32f10x_cl.o [3]
  .text              ro code   0x800'212c     0x4  startup_stm32f10x_cl.o [3]
  .text              ro code   0x800'2130     0x4  startup_stm32f10x_cl.o [3]
  .text              ro code   0x800'2134     0x4  startup_stm32f10x_cl.o [3]
  .text              ro code   0x800'2138     0x4  startup_stm32f10x_cl.o [3]
  .text              ro code   0x800'213c     0x4  startup_stm32f10x_cl.o [3]
  .text              ro code   0x800'2140     0x4  startup_stm32f10x_cl.o [3]
  .text              ro code   0x800'2144     0x4  startup_stm32f10x_cl.o [3]
  .text              ro code   0x800'2148     0x4  startup_stm32f10x_cl.o [3]
  .text              ro code   0x800'214c     0x4  startup_stm32f10x_cl.o [3]
  .text              ro code   0x800'2150     0x4  startup_stm32f10x_cl.o [3]
  .text              ro code   0x800'2154     0x4  startup_stm32f10x_cl.o [3]
  .text              ro code   0x800'2158     0x4  startup_stm32f10x_cl.o [3]
  .text              ro code   0x800'215c     0x4  startup_stm32f10x_cl.o [3]
  .text              ro code   0x800'2160     0x4  startup_stm32f10x_cl.o [3]
  .text              ro code   0x800'2164     0x4  startup_stm32f10x_cl.o [3]
  .text              ro code   0x800'2168     0x4  startup_stm32f10x_cl.o [3]
  .text              ro code   0x800'216c     0x4  startup_stm32f10x_cl.o [3]
  .rodata            const     0x800'2170     0x0  packbits_init_single.o [10]
  Initializer bytes  const     0x800'2170    0x19  <for P2-1>
                             - 0x800'2189  0x2039

"P2", part 1 of 2:                           0x36
  P2-1                        0x2000'0000    0x36  <Init block>
    .data            inited   0x2000'0000    0x10  stm32f10x_rcc.o [6]
    .data            inited   0x2000'0010     0x4  stm32f10x_rcc.o [6]
    .data            inited   0x2000'0014     0x4  system_stm32f10x.o [2]
    .bss             inited   0x2000'0018     0x4  dist.o [5]
    .bss             inited   0x2000'001c     0x4  uart.o [5]
    .bss             inited   0x2000'0020     0x4  ultra.o [5]
    .bss             inited   0x2000'0024     0x4  ultra.o [5]
    .bss             inited   0x2000'0028     0x4  ultra.o [5]
    .bss             inited   0x2000'002c     0x4  ultra.o [5]
    .bss             inited   0x2000'0030     0x4  ultra.o [5]
    .bss             inited   0x2000'0034     0x1  pir.o [5]
    .bss             inited   0x2000'0035     0x1  pir.o [5]
                            - 0x2000'0036    0x36

"P2", part 2 of 2:                         0x2000
  CSTACK                      0x2000'0038  0x2000  <Block>
    CSTACK           uninit   0x2000'0038  0x2000  <Block tail>
                            - 0x2000'2038  0x2000

Unused ranges:

         From           To      Size
         ----           --      ----
   0x800'2189   0x803'ffff  0x3'de77
  0x2000'0036  0x2000'0037       0x2
  0x2000'2038  0x2000'ffff    0xdfc8


*******************************************************************************
*** INIT TABLE
***

          Address      Size
          -------      ----
Copy/packbits (__iar_packbits_init_single3)
    1 source range, total size 0x19 (46% of destination):
           0x800'2170  0x19
    1 destination range, total size 0x36:
          0x2000'0000  0x36



*******************************************************************************
*** MODULE SUMMARY
***

    Module                  ro code  ro data  rw data
    ------                  -------  -------  -------
command line/config:
    -------------------------------------------------
    Total:

C:\code\Embedded_Lab\term_project\Debug\Obj\CoreSupport: [1]
    -------------------------------------------------
    Total:

C:\code\Embedded_Lab\term_project\Debug\Obj\Libraries\CMSIS\DeviceSupport: [2]
    system_stm32f10x.o          336        2        4
    -------------------------------------------------
    Total:                      336        2        4

C:\code\Embedded_Lab\term_project\Debug\Obj\Libraries\CMSIS\DeviceSupport\StartUp: [3]
    startup_stm32f10x_cl.o      632
    -------------------------------------------------
    Total:                      632

C:\code\Embedded_Lab\term_project\Debug\Obj\Libraries\LCD: [4]
    -------------------------------------------------
    Total:

C:\code\Embedded_Lab\term_project\Debug\Obj\Libraries\MODULES: [5]
    dcmotor.o                   252
    dist.o                      284        1        4
    handler.o                    32
    pir.o                       320        1        2
    servo.o                     268
    uart.o                      444        2        4
    ultra.o                     608       10       20
    -------------------------------------------------
    Total:                    2'208       14       30

C:\code\Embedded_Lab\term_project\Debug\Obj\Libraries\STM32F10x_StdPeriph_Driver_v3.5\src: [6]
    misc.o                      128
    stm32f10x_adc.o             478
    stm32f10x_exti.o            180
    stm32f10x_gpio.o            308
    stm32f10x_rcc.o             332        9       20
    stm32f10x_tim.o           1'280
    stm32f10x_usart.o           414
    -------------------------------------------------
    Total:                    3'120        9       20

C:\code\Embedded_Lab\term_project\Debug\Obj\user: [7]
    main.o                      338
    stm32f10x_it.o               18
    -------------------------------------------------
    Total:                      356

dl7M_tln.a: [8]
    exit.o                        4
    low_level_init.o              4
    -------------------------------------------------
    Total:                        8

m7M_tl.a: [9]
    DblAddSub.o                 590
    DblDiv.o                    582
    DblMul.o                    426
    DblToS32.o                   54
    U32ToDbl.o                   28
    -------------------------------------------------
    Total:                    1'680

rt7M_tl.a: [10]
    cexit.o                      10
    cmain.o                      30
    cstartup_M.o                 28
    data_init.o                  40
    packbits_init_single.o       58
    -------------------------------------------------
    Total:                      166

shb_l.a: [11]
    exit.o                       20
    -------------------------------------------------
    Total:                       20

    Gaps                         18
    Linker created                        16    8'192
-----------------------------------------------------
    Grand Total:              8'544       41    8'246


*******************************************************************************
*** ENTRY LIST
***

Entry                       Address  Size  Type      Object
-----                       -------  ----  ----      ------
.iar.init_table$$Base    0x800'1fa0         --   Gb  - Linker created -
.iar.init_table$$Limit   0x800'1fb0         --   Gb  - Linker created -
?main                    0x800'1fd1        Code  Gb  cmain.o [10]
ADC1_2_IRQHandler        0x800'1fb1   0x8  Code  Gb  handler.o [5]
ADCPrescTable           0x2000'0010   0x4  Data  Lc  stm32f10x_rcc.o [6]
ADC_ClearITPendingBit    0x800'1251   0xe  Code  Gb  stm32f10x_adc.o [6]
ADC_Cmd                  0x800'10cb  0x1a  Code  Gb  stm32f10x_adc.o [6]
ADC_Configure            0x800'176d   0x2  Code  Gb  main.o [7]
ADC_GetCalibrationStatus
                         0x800'1129  0x12  Code  Gb  stm32f10x_adc.o [6]
ADC_GetConversionValue   0x800'121b   0x6  Code  Gb  stm32f10x_adc.o [6]
ADC_GetITStatus          0x800'1229  0x28  Code  Gb  stm32f10x_adc.o [6]
ADC_GetResetCalibrationStatus
                         0x800'110d  0x12  Code  Gb  stm32f10x_adc.o [6]
ADC_ITConfig             0x800'10e5  0x1e  Code  Gb  stm32f10x_adc.o [6]
ADC_Init                 0x800'1081  0x4a  Code  Gb  stm32f10x_adc.o [6]
ADC_RegularChannelConfig
                         0x800'1155  0xc6  Code  Gb  stm32f10x_adc.o [6]
ADC_ResetCalibration     0x800'1103   0xa  Code  Gb  stm32f10x_adc.o [6]
ADC_SoftwareStartConvCmd
                         0x800'113b  0x1a  Code  Gb  stm32f10x_adc.o [6]
ADC_StartCalibration     0x800'111f   0xa  Code  Gb  stm32f10x_adc.o [6]
APBAHBPrescTable        0x2000'0000  0x10  Data  Lc  stm32f10x_rcc.o [6]
BusFault_Handler         0x800'203b   0x2  Code  Gb  stm32f10x_it.o [7]
CAN1_RX0_IRQHandler      0x800'20cd        Code  Wk  startup_stm32f10x_cl.o [3]
CAN1_RX1_IRQHandler      0x800'20d1        Code  Wk  startup_stm32f10x_cl.o [3]
CAN1_SCE_IRQHandler      0x800'20d5        Code  Wk  startup_stm32f10x_cl.o [3]
CAN1_TX_IRQHandler       0x800'20c9        Code  Wk  startup_stm32f10x_cl.o [3]
CAN2_RX0_IRQHandler      0x800'2161        Code  Wk  startup_stm32f10x_cl.o [3]
CAN2_RX1_IRQHandler      0x800'2165        Code  Wk  startup_stm32f10x_cl.o [3]
CAN2_SCE_IRQHandler      0x800'2169        Code  Wk  startup_stm32f10x_cl.o [3]
CAN2_TX_IRQHandler       0x800'215d        Code  Wk  startup_stm32f10x_cl.o [3]
CSTACK$$Base            0x2000'0038         --   Gb  - Linker created -
CSTACK$$Limit           0x2000'2038         --   Gb  - Linker created -
Cap_falling_edge        0x2000'0024   0x4  Data  Gb  ultra.o [5]
Cap_rising_edge         0x2000'0020   0x4  Data  Gb  ultra.o [5]
DC_Motor_GPIO_Configure
                         0x800'1a29  0x1e  Code  Gb  dcmotor.o [5]
DC_Motor_Init            0x800'1aad  0x10  Code  Gb  dcmotor.o [5]
DC_Motor_PWM_Configure   0x800'1a47  0x66  Code  Gb  dcmotor.o [5]
DC_Motor_RCC_Configure   0x800'1a0d  0x1c  Code  Gb  dcmotor.o [5]
DC_Motor_UpdateAUTO      0x800'1abd   0xa  Code  Gb  dcmotor.o [5]
DC_Motor_UpdateMAN       0x800'1ac7  0x36  Code  Gb  dcmotor.o [5]
DMA1_Channel1_IRQHandler
                         0x800'20a9        Code  Wk  startup_stm32f10x_cl.o [3]
DMA1_Channel2_IRQHandler
                         0x800'20ad        Code  Wk  startup_stm32f10x_cl.o [3]
DMA1_Channel3_IRQHandler
                         0x800'20b1        Code  Wk  startup_stm32f10x_cl.o [3]
DMA1_Channel4_IRQHandler
                         0x800'20b5        Code  Wk  startup_stm32f10x_cl.o [3]
DMA1_Channel5_IRQHandler
                         0x800'20b9        Code  Wk  startup_stm32f10x_cl.o [3]
DMA1_Channel6_IRQHandler
                         0x800'20bd        Code  Wk  startup_stm32f10x_cl.o [3]
DMA1_Channel7_IRQHandler
                         0x800'20c1        Code  Wk  startup_stm32f10x_cl.o [3]
DMA2_Channel1_IRQHandler
                         0x800'2141        Code  Wk  startup_stm32f10x_cl.o [3]
DMA2_Channel2_IRQHandler
                         0x800'2145        Code  Wk  startup_stm32f10x_cl.o [3]
DMA2_Channel3_IRQHandler
                         0x800'2149        Code  Wk  startup_stm32f10x_cl.o [3]
DMA2_Channel4_IRQHandler
                         0x800'214d        Code  Wk  startup_stm32f10x_cl.o [3]
DMA2_Channel5_IRQHandler
                         0x800'2151        Code  Wk  startup_stm32f10x_cl.o [3]
DMA_Configure            0x800'177f   0x2  Code  Gb  main.o [7]
DebugMon_Handler         0x800'2041   0x2  Code  Gb  stm32f10x_it.o [7]
Delay                    0x800'17bd  0x1c  Code  Gb  main.o [7]
Dist_ADC_Configure       0x800'1b37  0x7a  Code  Gb  dist.o [5]
Dist_GPIO_Configure      0x800'1b1f  0x18  Code  Gb  dist.o [5]
Dist_Get_Distance        0x800'1c13   0x6  Code  Gb  dist.o [5]
Dist_IRQHandler          0x800'1bd3  0x28  Code  Gb  dist.o [5]
Dist_Init                0x800'1bfb  0x18  Code  Gb  dist.o [5]
Dist_NVIC_Configure      0x800'1bb1  0x22  Code  Gb  dist.o [5]
Dist_RCC_Configure       0x800'1b09  0x16  Code  Gb  dist.o [5]
ETH_IRQHandler           0x800'2155        Code  Wk  startup_stm32f10x_cl.o [3]
ETH_WKUP_IRQHandler      0x800'2159        Code  Wk  startup_stm32f10x_cl.o [3]
EXTI0_IRQHandler         0x800'2095        Code  Wk  startup_stm32f10x_cl.o [3]
EXTI15_10_IRQHandler     0x800'211d        Code  Wk  startup_stm32f10x_cl.o [3]
EXTI1_IRQHandler         0x800'2099        Code  Wk  startup_stm32f10x_cl.o [3]
EXTI2_IRQHandler         0x800'209d        Code  Wk  startup_stm32f10x_cl.o [3]
EXTI3_IRQHandler         0x800'20a1        Code  Wk  startup_stm32f10x_cl.o [3]
EXTI4_IRQHandler         0x800'20a5        Code  Wk  startup_stm32f10x_cl.o [3]
EXTI9_5_IRQHandler       0x800'1fb9   0x8  Code  Gb  handler.o [5]
EXTI_ClearITPendingBit   0x800'1f09   0x6  Code  Gb  stm32f10x_exti.o [6]
EXTI_Configure           0x800'1771   0x2  Code  Gb  main.o [7]
EXTI_GetITStatus         0x800'1ee9  0x20  Code  Gb  stm32f10x_exti.o [6]
EXTI_Init                0x800'1e71  0x78  Code  Gb  stm32f10x_exti.o [6]
FLASH_IRQHandler         0x800'208d        Code  Wk  startup_stm32f10x_cl.o [3]
Forward_Distance        0x2000'0018   0x4  Data  Gb  dist.o [5]
GPIO_Configure           0x800'176b   0x2  Code  Gb  main.o [7]
GPIO_EXTILineConfig      0x800'0adf  0x4c  Code  Gb  stm32f10x_gpio.o [6]
GPIO_Init                0x800'09fd  0xc2  Code  Gb  stm32f10x_gpio.o [6]
GPIO_ReadInputDataBit    0x800'0abf  0x14  Code  Gb  stm32f10x_gpio.o [6]
GPIO_ResetBits           0x800'0ad9   0x6  Code  Gb  stm32f10x_gpio.o [6]
GPIO_SetBits             0x800'0ad3   0x6  Code  Gb  stm32f10x_gpio.o [6]
HardFault_Handler        0x800'2037   0x2  Code  Gb  stm32f10x_it.o [7]
I2C1_ER_IRQHandler       0x800'20fd        Code  Wk  startup_stm32f10x_cl.o [3]
I2C1_EV_IRQHandler       0x800'20f9        Code  Wk  startup_stm32f10x_cl.o [3]
I2C2_ER_IRQHandler       0x800'2105        Code  Wk  startup_stm32f10x_cl.o [3]
I2C2_EV_IRQHandler       0x800'2101        Code  Wk  startup_stm32f10x_cl.o [3]
Init_Configure           0x800'1781  0x3c  Code  Gb  main.o [7]
Left_Distance           0x2000'002c   0x4  Data  Gb  ultra.o [5]
MemManage_Handler        0x800'2039   0x2  Code  Gb  stm32f10x_it.o [7]
NMI_Handler              0x800'2035   0x2  Code  Gb  stm32f10x_it.o [7]
NVIC_Configure           0x800'1773   0xc  Code  Gb  main.o [7]
NVIC_Init                0x800'0b3b  0x60  Code  Gb  misc.o [6]
NVIC_PriorityGroupConfig
                         0x800'0b31   0xa  Code  Gb  misc.o [6]
OTG_FS_IRQHandler        0x800'216d        Code  Wk  startup_stm32f10x_cl.o [3]
OTG_FS_WKUP_IRQHandler   0x800'2125        Code  Wk  startup_stm32f10x_cl.o [3]
PIR_EXTI_Init            0x800'1c61  0x4e  Code  Gb  pir.o [5]
PIR_GPIO_Init            0x800'1c31  0x30  Code  Gb  pir.o [5]
PIR_Get_Exist            0x800'1d43  0x12  Code  Gb  pir.o [5]
PIR_IRQHandler           0x800'1cd1  0x5e  Code  Gb  pir.o [5]
PIR_Init                 0x800'1d2f  0x14  Code  Gb  pir.o [5]
PIR_NVIC_Init            0x800'1caf  0x22  Code  Gb  pir.o [5]
PIR_RCC_Init             0x800'1c25   0xc  Code  Gb  pir.o [5]
PVD_IRQHandler           0x800'2081        Code  Wk  startup_stm32f10x_cl.o [3]
PendSV_Handler           0x800'2043   0x2  Code  Gb  stm32f10x_it.o [7]
Pulse_width             0x2000'0028   0x4  Data  Gb  ultra.o [5]
RCC_APB1PeriphClockCmd   0x800'09bb  0x1c  Code  Gb  stm32f10x_rcc.o [6]
RCC_APB2PeriphClockCmd   0x800'099f  0x1c  Code  Gb  stm32f10x_rcc.o [6]
RCC_Configure            0x800'1769   0x2  Code  Gb  main.o [7]
RCC_GetClocksFreq        0x800'08b1  0xee  Code  Gb  stm32f10x_rcc.o [6]
RCC_IRQHandler           0x800'2091        Code  Wk  startup_stm32f10x_cl.o [3]
RTCAlarm_IRQHandler      0x800'2121        Code  Wk  startup_stm32f10x_cl.o [3]
RTC_IRQHandler           0x800'2089        Code  Wk  startup_stm32f10x_cl.o [3]
Region$$Table$$Base      0x800'1fa0         --   Gb  - Linker created -
Region$$Table$$Limit     0x800'1fb0         --   Gb  - Linker created -
Reset_Handler            0x800'2049        Code  Wk  startup_stm32f10x_cl.o [3]
Right_Distance          0x2000'0030   0x4  Data  Gb  ultra.o [5]
SPI1_IRQHandler          0x800'2109        Code  Wk  startup_stm32f10x_cl.o [3]
SPI2_IRQHandler          0x800'210d        Code  Wk  startup_stm32f10x_cl.o [3]
SPI3_IRQHandler          0x800'212d        Code  Wk  startup_stm32f10x_cl.o [3]
SVC_Handler              0x800'203f   0x2  Code  Gb  stm32f10x_it.o [7]
Servo_GPIO_Init          0x800'1dcb  0x1e  Code  Gb  servo.o [5]
Servo_Init               0x800'1e05  0x10  Code  Gb  servo.o [5]
Servo_Pwm_Init           0x800'1d65  0x66  Code  Gb  servo.o [5]
Servo_RCC_Init           0x800'1de9  0x1c  Code  Gb  servo.o [5]
Servo_Turn               0x800'1e15  0x46  Code  Gb  servo.o [5]
SetSysClock              0x800'190f   0x8  Code  Lc  system_stm32f10x.o [2]
SetSysClockTo72          0x800'1917  0xd2  Code  Lc  system_stm32f10x.o [2]
SysTick_Handler          0x800'2045   0x2  Code  Gb  stm32f10x_it.o [7]
SystemCoreClock         0x2000'0014   0x4  Data  Gb  system_stm32f10x.o [2]
SystemInit               0x800'18bd  0x52  Code  Gb  system_stm32f10x.o [2]
TAMPER_IRQHandler        0x800'2085        Code  Wk  startup_stm32f10x_cl.o [3]
TI1_Config               0x800'045f  0x66  Code  Lc  stm32f10x_tim.o [6]
TI2_Config               0x800'04cd  0x6e  Code  Lc  stm32f10x_tim.o [6]
TI3_Config               0x800'0551  0x6c  Code  Lc  stm32f10x_tim.o [6]
TI4_Config               0x800'05c1  0x6e  Code  Lc  stm32f10x_tim.o [6]
TIM1_BRK_IRQHandler      0x800'20dd        Code  Wk  startup_stm32f10x_cl.o [3]
TIM1_CC_IRQHandler       0x800'20e9        Code  Wk  startup_stm32f10x_cl.o [3]
TIM1_TRG_COM_IRQHandler
                         0x800'20e5        Code  Wk  startup_stm32f10x_cl.o [3]
TIM1_UP_IRQHandler       0x800'20e1        Code  Wk  startup_stm32f10x_cl.o [3]
TIM2_IRQHandler          0x800'20ed        Code  Wk  startup_stm32f10x_cl.o [3]
TIM3_IRQHandler          0x800'1fc9   0x8  Code  Gb  handler.o [5]
TIM4_IRQHandler          0x800'20f5        Code  Wk  startup_stm32f10x_cl.o [3]
TIM5_IRQHandler          0x800'2129        Code  Wk  startup_stm32f10x_cl.o [3]
TIM6_IRQHandler          0x800'2139        Code  Wk  startup_stm32f10x_cl.o [3]
TIM7_IRQHandler          0x800'213d        Code  Wk  startup_stm32f10x_cl.o [3]
TIM_ARRPreloadConfig     0x800'03a3  0x1c  Code  Gb  stm32f10x_tim.o [6]
TIM_ClearITPendingBit    0x800'0457   0x8  Code  Gb  stm32f10x_tim.o [6]
TIM_Cmd                  0x800'036f  0x1c  Code  Gb  stm32f10x_tim.o [6]
TIM_Configure            0x800'176f   0x2  Code  Gb  main.o [7]
TIM_GetCapture1          0x800'042b   0x4  Code  Gb  stm32f10x_tim.o [6]
TIM_GetCapture2          0x800'042f   0x4  Code  Gb  stm32f10x_tim.o [6]
TIM_GetITStatus          0x800'0433  0x24  Code  Gb  stm32f10x_tim.o [6]
TIM_ICInit               0x800'02ff  0x70  Code  Gb  stm32f10x_tim.o [6]
TIM_ITConfig             0x800'038b  0x18  Code  Gb  stm32f10x_tim.o [6]
TIM_OC1Init              0x800'01e3  0x94  Code  Gb  stm32f10x_tim.o [6]
TIM_OC1PreloadConfig     0x800'03bf  0x10  Code  Gb  stm32f10x_tim.o [6]
TIM_OC3Init              0x800'0277  0x88  Code  Gb  stm32f10x_tim.o [6]
TIM_OC3PreloadConfig     0x800'03cf  0x10  Code  Gb  stm32f10x_tim.o [6]
TIM_SetIC1Prescaler      0x800'03df  0x12  Code  Gb  stm32f10x_tim.o [6]
TIM_SetIC2Prescaler      0x800'03f1  0x14  Code  Gb  stm32f10x_tim.o [6]
TIM_SetIC3Prescaler      0x800'0405  0x12  Code  Gb  stm32f10x_tim.o [6]
TIM_SetIC4Prescaler      0x800'0417  0x14  Code  Gb  stm32f10x_tim.o [6]
TIM_TimeBaseInit         0x800'0151  0x92  Code  Gb  stm32f10x_tim.o [6]
UART4_IRQHandler         0x800'2131        Code  Wk  startup_stm32f10x_cl.o [3]
UART5_IRQHandler         0x800'2135        Code  Wk  startup_stm32f10x_cl.o [3]
UART_GPIO_Init           0x800'129b  0x3a  Code  Gb  uart.o [5]
UART_GetState            0x800'1405   0x6  Code  Gb  uart.o [5]
UART_IRQHandler          0x800'13c7  0x2a  Code  Gb  uart.o [5]
UART_Init                0x800'13f1  0x14  Code  Gb  uart.o [5]
UART_NVIC_Init           0x800'131b  0x28  Code  Gb  uart.o [5]
UART_RCC_Init            0x800'127d  0x1e  Code  Gb  uart.o [5]
UART_USART2_Init         0x800'12d5  0x46  Code  Gb  uart.o [5]
UART_UpdateState         0x800'1343  0x84  Code  Gb  uart.o [5]
USART1_IRQHandler        0x800'2111        Code  Wk  startup_stm32f10x_cl.o [3]
USART2_IRQHandler        0x800'1fc1   0x8  Code  Gb  handler.o [5]
USART3_IRQHandler        0x800'2119        Code  Wk  startup_stm32f10x_cl.o [3]
USART_ClearITPendingBit
                         0x800'15a5  0x16  Code  Gb  stm32f10x_usart.o [6]
USART_Cmd                0x800'14dd  0x1c  Code  Gb  stm32f10x_usart.o [6]
USART_GetITStatus        0x800'154b  0x5a  Code  Gb  stm32f10x_usart.o [6]
USART_ITConfig           0x800'14f9  0x4a  Code  Gb  stm32f10x_usart.o [6]
USART_Init               0x800'141d  0xba  Code  Gb  stm32f10x_usart.o [6]
USART_ReceiveData        0x800'1543   0x8  Code  Gb  stm32f10x_usart.o [6]
Ultra_GPIO_Configure     0x800'066d  0x3a  Code  Gb  ultra.o [5]
Ultra_Init               0x800'0767  0x14  Code  Gb  ultra.o [5]
Ultra_Measure_Distance   0x800'0855  0x32  Code  Gb  ultra.o [5]
Ultra_NVIC_Configure     0x800'0745  0x22  Code  Gb  ultra.o [5]
Ultra_RCC_Configure      0x800'0651  0x1c  Code  Gb  ultra.o [5]
Ultra_TIM3_IRQHandler    0x800'077b  0xda  Code  Gb  ultra.o [5]
Ultra_TIM_Configure      0x800'06a7  0x9e  Code  Gb  ultra.o [5]
UsageFault_Handler       0x800'203d   0x2  Code  Gb  stm32f10x_it.o [7]
WWDG_IRQHandler          0x800'207d        Code  Wk  startup_stm32f10x_cl.o [3]
__NVIC_EnableIRQ         0x800'1261  0x1c  Code  Lc  uart.o [5]
__aeabi_d2iz             0x800'1f41        Code  Gb  DblToS32.o [9]
__aeabi_dadd             0x800'0bb1        Code  Gb  DblAddSub.o [9]
__aeabi_ddiv             0x800'0e39        Code  Gb  DblDiv.o [9]
__aeabi_dmul             0x800'15bd        Code  Gb  DblMul.o [9]
__aeabi_ui2d             0x800'1f25        Code  Gb  U32ToDbl.o [9]
__cmain                  0x800'1fd1        Code  Gb  cmain.o [10]
__exit                   0x800'2005  0x14  Code  Gb  exit.o [11]
__iar_data_init3         0x800'1f79  0x28  Code  Gb  data_init.o [10]
__iar_packbits_init_single3
                         0x800'0dff  0x3a  Code  Gb  packbits_init_single.o [10]
__iar_program_start      0x800'2019        Code  Gb  cstartup_M.o [10]
__low_level_init         0x800'1fef   0x4  Code  Gb  low_level_init.o [8]
__vector_table           0x800'0000        Data  Gb  startup_stm32f10x_cl.o [3]
_call_main               0x800'1fdd        Code  Gb  cmain.o [10]
_exit                    0x800'1ff9        Code  Gb  cexit.o [10]
exit                     0x800'1ff3   0x4  Code  Gb  exit.o [8]
l_exist                 0x2000'0034   0x1  Data  Gb  pir.o [5]
main                     0x800'17dd  0xde  Code  Gb  main.o [7]
r_exist                 0x2000'0035   0x1  Data  Gb  pir.o [5]
ustate                  0x2000'001c   0x4  Data  Gb  uart.o [5]


[1] = C:\code\Embedded_Lab\term_project\Debug\Obj\CoreSupport
[2] = C:\code\Embedded_Lab\term_project\Debug\Obj\Libraries\CMSIS\DeviceSupport
[3] = C:\code\Embedded_Lab\term_project\Debug\Obj\Libraries\CMSIS\DeviceSupport\StartUp
[4] = C:\code\Embedded_Lab\term_project\Debug\Obj\Libraries\LCD
[5] = C:\code\Embedded_Lab\term_project\Debug\Obj\Libraries\MODULES
[6] = C:\code\Embedded_Lab\term_project\Debug\Obj\Libraries\STM32F10x_StdPeriph_Driver_v3.5\src
[7] = C:\code\Embedded_Lab\term_project\Debug\Obj\user
[8] = dl7M_tln.a
[9] = m7M_tl.a
[10] = rt7M_tl.a
[11] = shb_l.a

  8'544 bytes of readonly  code memory
     41 bytes of readonly  data memory
  8'246 bytes of readwrite data memory

Errors: none
Warnings: none
