###############################################################################
#
# IAR ELF Linker V9.30.1.335/W64 for ARM                  25/Oct/2022  22:05:02
# Copyright 2007-2022 IAR Systems AB.
#
#    Output file  =  C:\code\Embedded_Lab\project\team02\Debug\Exe\newPro.out
#    Map file     =  C:\code\Embedded_Lab\project\team02\Debug\List\newPro.map
#    Command line =
#        -f C:\code\Embedded_Lab\project\team02\Debug\Exe\newPro.out.rsp
#        (C:\code\Embedded_Lab\project\team02\Debug\Obj\CoreSupport\core_cm3.o
#        C:\code\Embedded_Lab\project\team02\Debug\Obj\Libraries\LCD\lcd.o
#        C:\code\Embedded_Lab\project\team02\Debug\Obj\user\main.o
#        C:\code\Embedded_Lab\project\team02\Debug\Obj\Libraries\STM32F10x_StdPeriph_Driver_v3.5\src\misc.o
#        C:\code\Embedded_Lab\project\team02\Debug\Obj\Libraries\CMSIS\DeviceSupport\StartUp\startup_stm32f10x_cl.o
#        C:\code\Embedded_Lab\project\team02\Debug\Obj\Libraries\STM32F10x_StdPeriph_Driver_v3.5\src\stm32f10x_adc.o
#        C:\code\Embedded_Lab\project\team02\Debug\Obj\Libraries\STM32F10x_StdPeriph_Driver_v3.5\src\stm32f10x_bkp.o
#        C:\code\Embedded_Lab\project\team02\Debug\Obj\Libraries\STM32F10x_StdPeriph_Driver_v3.5\src\stm32f10x_can.o
#        C:\code\Embedded_Lab\project\team02\Debug\Obj\Libraries\STM32F10x_StdPeriph_Driver_v3.5\src\stm32f10x_cec.o
#        C:\code\Embedded_Lab\project\team02\Debug\Obj\Libraries\STM32F10x_StdPeriph_Driver_v3.5\src\stm32f10x_crc.o
#        C:\code\Embedded_Lab\project\team02\Debug\Obj\Libraries\STM32F10x_StdPeriph_Driver_v3.5\src\stm32f10x_dac.o
#        C:\code\Embedded_Lab\project\team02\Debug\Obj\Libraries\STM32F10x_StdPeriph_Driver_v3.5\src\stm32f10x_dbgmcu.o
#        C:\code\Embedded_Lab\project\team02\Debug\Obj\Libraries\STM32F10x_StdPeriph_Driver_v3.5\src\stm32f10x_dma.o
#        C:\code\Embedded_Lab\project\team02\Debug\Obj\Libraries\STM32F10x_StdPeriph_Driver_v3.5\src\stm32f10x_exti.o
#        C:\code\Embedded_Lab\project\team02\Debug\Obj\Libraries\STM32F10x_StdPeriph_Driver_v3.5\src\stm32f10x_flash.o
#        C:\code\Embedded_Lab\project\team02\Debug\Obj\Libraries\STM32F10x_StdPeriph_Driver_v3.5\src\stm32f10x_fsmc.o
#        C:\code\Embedded_Lab\project\team02\Debug\Obj\Libraries\STM32F10x_StdPeriph_Driver_v3.5\src\stm32f10x_gpio.o
#        C:\code\Embedded_Lab\project\team02\Debug\Obj\Libraries\STM32F10x_StdPeriph_Driver_v3.5\src\stm32f10x_i2c.o
#        C:\code\Embedded_Lab\project\team02\Debug\Obj\user\stm32f10x_it.o
#        C:\code\Embedded_Lab\project\team02\Debug\Obj\Libraries\STM32F10x_StdPeriph_Driver_v3.5\src\stm32f10x_iwdg.o
#        C:\code\Embedded_Lab\project\team02\Debug\Obj\Libraries\STM32F10x_StdPeriph_Driver_v3.5\src\stm32f10x_pwr.o
#        C:\code\Embedded_Lab\project\team02\Debug\Obj\Libraries\STM32F10x_StdPeriph_Driver_v3.5\src\stm32f10x_rcc.o
#        C:\code\Embedded_Lab\project\team02\Debug\Obj\Libraries\STM32F10x_StdPeriph_Driver_v3.5\src\stm32f10x_rtc.o
#        C:\code\Embedded_Lab\project\team02\Debug\Obj\Libraries\STM32F10x_StdPeriph_Driver_v3.5\src\stm32f10x_sdio.o
#        C:\code\Embedded_Lab\project\team02\Debug\Obj\Libraries\STM32F10x_StdPeriph_Driver_v3.5\src\stm32f10x_spi.o
#        C:\code\Embedded_Lab\project\team02\Debug\Obj\Libraries\STM32F10x_StdPeriph_Driver_v3.5\src\stm32f10x_tim.o
#        C:\code\Embedded_Lab\project\team02\Debug\Obj\Libraries\STM32F10x_StdPeriph_Driver_v3.5\src\stm32f10x_usart.o
#        C:\code\Embedded_Lab\project\team02\Debug\Obj\Libraries\STM32F10x_StdPeriph_Driver_v3.5\src\stm32f10x_wwdg.o
#        C:\code\Embedded_Lab\project\team02\Debug\Obj\Libraries\CMSIS\DeviceSupport\system_stm32f10x.o
#        C:\code\Embedded_Lab\project\team02\Debug\Obj\Libraries\LCD\touch.o
#        --no_out_extension -o
#        C:\code\Embedded_Lab\project\team02\Debug\Exe\newPro.out --map
#        C:\code\Embedded_Lab\project\team02\Debug\List\newPro.map --log
#        libraries,initialization,modules,redirects,sections,veneers,unused_fragments,call_graph
#        --log_file C:\code\Embedded_Lab\project\team02\Debug\List\newPro.log
#        --config "C:\Program Files\IAR Systems\Embedded Workbench
#        9.1\arm/config/linker/ST/stm32f107xC.icf" --semihosting --entry
#        __iar_program_start --vfe --text_out locale --cpu=Cortex-M3
#        --fpu=None)
#
###############################################################################

*******************************************************************************
*** RUNTIME MODEL ATTRIBUTES
***

CppFlavor       = *
__CPP_Runtime   = 1
__SystemLibrary = DLib
__dlib_version  = 6


*******************************************************************************
*** HEAP SELECTION
***

The basic heap was selected because --advanced_heap
was not specified and the application did not appear to
be primarily optimized for speed.


*******************************************************************************
*** PLACEMENT SUMMARY
***

"A0":  place at address 0x800'0000 { ro section .intvec };
"P1":  place in [from 0x800'0000 to 0x803'ffff] { ro };
define block CSTACK with size = 4K, alignment = 8 { };
define block HEAP with size = 4K, alignment = 8 { };
"P2":  place in [from 0x2000'0000 to 0x2000'ffff] {
          rw, block CSTACK, block HEAP };
initialize by copy { rw };

  Section            Kind         Address    Size  Object
  -------            ----         -------    ----  ------
"A0":                                       0x150
  .intvec            ro code   0x800'0000   0x150  startup_stm32f10x_cl.o [3]
                             - 0x800'0150   0x150

"P1":                                      0x2130
  .text              ro code   0x800'0150   0x9f4  lcd.o [4]
  .text              ro code   0x800'0b44    0xda  stm32f10x_gpio.o [5]
  .text              ro code   0x800'0c1e    0x2a  copy_init3.o [9]
  .text              ro code   0x800'0c48    0x20  stm32f10x_rcc.o [5]
  .rodata            const     0x800'0c68   0x5f0  lcd.o [4]
  .rodata            const     0x800'1258   0x594  lcd.o [4]
  .rodata            const     0x800'17ec   0x474  lcd.o [4]
  .text              ro code   0x800'1c60   0x150  system_stm32f10x.o [2]
  .text              ro code   0x800'1db0   0x13c  xprintftiny.o [7]
  .text              ro code   0x800'1eec    0x36  strlen.o [9]
  .text              ro code   0x800'1f22     0xa  xsprout.o [7]
  .text              ro code   0x800'1f2c    0xa4  main.o [6]
  .text              ro code   0x800'1fd0    0x54  touch.o [4]
  .text              ro code   0x800'2024    0x40  sprintf.o [7]
  Initializer bytes  const     0x800'2064    0x34  <for P2-1>
  .text              ro code   0x800'2098    0x28  data_init.o [9]
  .iar.init_table    const     0x800'20c0    0x14  - Linker created -
  .text              ro code   0x800'20d4    0x1e  cmain.o [9]
  .text              ro code   0x800'20f2     0x4  low_level_init.o [7]
  .text              ro code   0x800'20f6     0x4  exit.o [7]
  .text              ro code   0x800'20fc     0xa  cexit.o [9]
  .text              ro code   0x800'2108    0x14  exit.o [10]
  .text              ro code   0x800'211c    0x1c  cstartup_M.o [9]
  .text              ro code   0x800'2138    0x12  stm32f10x_it.o [6]
  .text              ro code   0x800'214c    0x10  startup_stm32f10x_cl.o [3]
  .rodata            const     0x800'215c     0xc  main.o [6]
  .text              ro code   0x800'2168     0x4  startup_stm32f10x_cl.o [3]
  .text              ro code   0x800'216c     0x4  startup_stm32f10x_cl.o [3]
  .text              ro code   0x800'2170     0x4  startup_stm32f10x_cl.o [3]
  .text              ro code   0x800'2174     0x4  startup_stm32f10x_cl.o [3]
  .text              ro code   0x800'2178     0x4  startup_stm32f10x_cl.o [3]
  .text              ro code   0x800'217c     0x4  startup_stm32f10x_cl.o [3]
  .text              ro code   0x800'2180     0x4  startup_stm32f10x_cl.o [3]
  .text              ro code   0x800'2184     0x4  startup_stm32f10x_cl.o [3]
  .text              ro code   0x800'2188     0x4  startup_stm32f10x_cl.o [3]
  .text              ro code   0x800'218c     0x4  startup_stm32f10x_cl.o [3]
  .text              ro code   0x800'2190     0x4  startup_stm32f10x_cl.o [3]
  .text              ro code   0x800'2194     0x4  startup_stm32f10x_cl.o [3]
  .text              ro code   0x800'2198     0x4  startup_stm32f10x_cl.o [3]
  .text              ro code   0x800'219c     0x4  startup_stm32f10x_cl.o [3]
  .text              ro code   0x800'21a0     0x4  startup_stm32f10x_cl.o [3]
  .text              ro code   0x800'21a4     0x4  startup_stm32f10x_cl.o [3]
  .text              ro code   0x800'21a8     0x4  startup_stm32f10x_cl.o [3]
  .text              ro code   0x800'21ac     0x4  startup_stm32f10x_cl.o [3]
  .text              ro code   0x800'21b0     0x4  startup_stm32f10x_cl.o [3]
  .text              ro code   0x800'21b4     0x4  startup_stm32f10x_cl.o [3]
  .text              ro code   0x800'21b8     0x4  startup_stm32f10x_cl.o [3]
  .text              ro code   0x800'21bc     0x4  startup_stm32f10x_cl.o [3]
  .text              ro code   0x800'21c0     0x4  startup_stm32f10x_cl.o [3]
  .text              ro code   0x800'21c4     0x4  startup_stm32f10x_cl.o [3]
  .text              ro code   0x800'21c8     0x4  startup_stm32f10x_cl.o [3]
  .text              ro code   0x800'21cc     0x4  startup_stm32f10x_cl.o [3]
  .text              ro code   0x800'21d0     0x4  startup_stm32f10x_cl.o [3]
  .text              ro code   0x800'21d4     0x4  startup_stm32f10x_cl.o [3]
  .text              ro code   0x800'21d8     0x4  startup_stm32f10x_cl.o [3]
  .text              ro code   0x800'21dc     0x4  startup_stm32f10x_cl.o [3]
  .text              ro code   0x800'21e0     0x4  startup_stm32f10x_cl.o [3]
  .text              ro code   0x800'21e4     0x4  startup_stm32f10x_cl.o [3]
  .text              ro code   0x800'21e8     0x4  startup_stm32f10x_cl.o [3]
  .text              ro code   0x800'21ec     0x4  startup_stm32f10x_cl.o [3]
  .text              ro code   0x800'21f0     0x4  startup_stm32f10x_cl.o [3]
  .text              ro code   0x800'21f4     0x4  startup_stm32f10x_cl.o [3]
  .text              ro code   0x800'21f8     0x4  startup_stm32f10x_cl.o [3]
  .text              ro code   0x800'21fc     0x4  startup_stm32f10x_cl.o [3]
  .text              ro code   0x800'2200     0x4  startup_stm32f10x_cl.o [3]
  .text              ro code   0x800'2204     0x4  startup_stm32f10x_cl.o [3]
  .text              ro code   0x800'2208     0x4  startup_stm32f10x_cl.o [3]
  .text              ro code   0x800'220c     0x4  startup_stm32f10x_cl.o [3]
  .text              ro code   0x800'2210     0x4  startup_stm32f10x_cl.o [3]
  .text              ro code   0x800'2214     0x4  startup_stm32f10x_cl.o [3]
  .text              ro code   0x800'2218     0x4  startup_stm32f10x_cl.o [3]
  .text              ro code   0x800'221c     0x4  startup_stm32f10x_cl.o [3]
  .text              ro code   0x800'2220     0x4  startup_stm32f10x_cl.o [3]
  .text              ro code   0x800'2224     0x4  startup_stm32f10x_cl.o [3]
  .text              ro code   0x800'2228     0x4  startup_stm32f10x_cl.o [3]
  .text              ro code   0x800'222c     0x4  startup_stm32f10x_cl.o [3]
  .text              ro code   0x800'2230     0x4  startup_stm32f10x_cl.o [3]
  .text              ro code   0x800'2234     0x4  startup_stm32f10x_cl.o [3]
  .text              ro code   0x800'2238     0x4  startup_stm32f10x_cl.o [3]
  .text              ro code   0x800'223c     0x4  startup_stm32f10x_cl.o [3]
  .text              ro code   0x800'2240     0x4  startup_stm32f10x_cl.o [3]
  .text              ro code   0x800'2244     0x4  startup_stm32f10x_cl.o [3]
  .text              ro code   0x800'2248     0x4  startup_stm32f10x_cl.o [3]
  .text              ro code   0x800'224c     0x4  startup_stm32f10x_cl.o [3]
  .text              ro code   0x800'2250     0x4  startup_stm32f10x_cl.o [3]
  .text              ro code   0x800'2254     0x4  startup_stm32f10x_cl.o [3]
  .text              ro code   0x800'2258     0x4  startup_stm32f10x_cl.o [3]
  .text              ro code   0x800'225c     0x4  startup_stm32f10x_cl.o [3]
  .text              ro code   0x800'2260     0x4  startup_stm32f10x_cl.o [3]
  .text              ro code   0x800'2264     0x4  startup_stm32f10x_cl.o [3]
  .text              ro code   0x800'2268     0x4  startup_stm32f10x_cl.o [3]
  .text              ro code   0x800'226c     0x4  startup_stm32f10x_cl.o [3]
  .text              ro code   0x800'2270     0x4  startup_stm32f10x_cl.o [3]
  .text              ro code   0x800'2274     0x4  startup_stm32f10x_cl.o [3]
  .text              ro code   0x800'2278     0x4  startup_stm32f10x_cl.o [3]
  .text              ro code   0x800'227c     0x4  startup_stm32f10x_cl.o [3]
  .rodata            const     0x800'2280     0x0  copy_init3.o [9]
                             - 0x800'2280  0x2130

"P2", part 1 of 2:                           0x34
  P2-1                        0x2000'0000    0x32  <Init block>
    .data            inited   0x2000'0000    0x30  main.o [6]
    .bss             inited   0x2000'0030     0x2  lcd.o [4]
                            - 0x2000'0032    0x32

"P2", part 2 of 2:                         0x1000
  CSTACK                      0x2000'0038  0x1000  <Block>
    CSTACK           uninit   0x2000'0038  0x1000  <Block tail>
                            - 0x2000'1038  0x1000

Unused ranges:

         From           To      Size
         ----           --      ----
   0x800'2280   0x803'ffff  0x3'dd80
  0x2000'0034  0x2000'0037       0x4
  0x2000'1038  0x2000'ffff    0xefc8


*******************************************************************************
*** INIT TABLE
***

          Address      Size
          -------      ----
Copy (__iar_copy_init3)
    1 source range, total size 0x34 (104% of destination):
           0x800'2064  0x34
    1 destination range, total size 0x32:
          0x2000'0000  0x32



*******************************************************************************
*** MODULE SUMMARY
***

    Module                  ro code  ro data  rw data
    ------                  -------  -------  -------
command line/config:
    -------------------------------------------------
    Total:

C:\code\Embedded_Lab\project\team02\Debug\Obj\CoreSupport: [1]
    -------------------------------------------------
    Total:

C:\code\Embedded_Lab\project\team02\Debug\Obj\Libraries\CMSIS\DeviceSupport: [2]
    system_stm32f10x.o          336
    -------------------------------------------------
    Total:                      336

C:\code\Embedded_Lab\project\team02\Debug\Obj\Libraries\CMSIS\DeviceSupport\StartUp: [3]
    startup_stm32f10x_cl.o      632
    -------------------------------------------------
    Total:                      632

C:\code\Embedded_Lab\project\team02\Debug\Obj\Libraries\LCD: [4]
    lcd.o                     2'548    4'090        2
    touch.o                      84
    -------------------------------------------------
    Total:                    2'632    4'090        2

C:\code\Embedded_Lab\project\team02\Debug\Obj\Libraries\STM32F10x_StdPeriph_Driver_v3.5\src: [5]
    stm32f10x_gpio.o            218
    stm32f10x_rcc.o              32
    -------------------------------------------------
    Total:                      250

C:\code\Embedded_Lab\project\team02\Debug\Obj\user: [6]
    main.o                      164       60       48
    stm32f10x_it.o               18
    -------------------------------------------------
    Total:                      182       60       48

dl7M_tln.a: [7]
    exit.o                        4
    low_level_init.o              4
    sprintf.o                    64
    xprintftiny.o               316
    xsprout.o                    10
    -------------------------------------------------
    Total:                      398

m7M_tl.a: [8]
    -------------------------------------------------
    Total:

rt7M_tl.a: [9]
    cexit.o                      10
    cmain.o                      30
    copy_init3.o                 42
    cstartup_M.o                 28
    data_init.o                  40
    strlen.o                     54
    -------------------------------------------------
    Total:                      204

shb_l.a: [10]
    exit.o                       20
    -------------------------------------------------
    Total:                       20

    Gaps                          6
    Linker created                        22    4'096
-----------------------------------------------------
    Grand Total:              4'660    4'172    4'146


*******************************************************************************
*** ENTRY LIST
***

Entry                       Address   Size  Type      Object
-----                       -------   ----  ----      ------
.iar.init_table$$Base    0x800'20c0          --   Gb  - Linker created -
.iar.init_table$$Limit   0x800'20d4          --   Gb  - Linker created -
?main                    0x800'20d5         Code  Gb  cmain.o [9]
ADC1_2_IRQHandler        0x800'21d5         Code  Wk  startup_stm32f10x_cl.o [3]
BusFault_Handler         0x800'213f    0x2  Code  Gb  stm32f10x_it.o [6]
CAN1_RX0_IRQHandler      0x800'21dd         Code  Wk  startup_stm32f10x_cl.o [3]
CAN1_RX1_IRQHandler      0x800'21e1         Code  Wk  startup_stm32f10x_cl.o [3]
CAN1_SCE_IRQHandler      0x800'21e5         Code  Wk  startup_stm32f10x_cl.o [3]
CAN1_TX_IRQHandler       0x800'21d9         Code  Wk  startup_stm32f10x_cl.o [3]
CAN2_RX0_IRQHandler      0x800'2271         Code  Wk  startup_stm32f10x_cl.o [3]
CAN2_RX1_IRQHandler      0x800'2275         Code  Wk  startup_stm32f10x_cl.o [3]
CAN2_SCE_IRQHandler      0x800'2279         Code  Wk  startup_stm32f10x_cl.o [3]
CAN2_TX_IRQHandler       0x800'226d         Code  Wk  startup_stm32f10x_cl.o [3]
CSTACK$$Base            0x2000'0038          --   Gb  - Linker created -
CSTACK$$Limit           0x2000'1038          --   Gb  - Linker created -
DMA1_Channel1_IRQHandler
                         0x800'21b9         Code  Wk  startup_stm32f10x_cl.o [3]
DMA1_Channel2_IRQHandler
                         0x800'21bd         Code  Wk  startup_stm32f10x_cl.o [3]
DMA1_Channel3_IRQHandler
                         0x800'21c1         Code  Wk  startup_stm32f10x_cl.o [3]
DMA1_Channel4_IRQHandler
                         0x800'21c5         Code  Wk  startup_stm32f10x_cl.o [3]
DMA1_Channel5_IRQHandler
                         0x800'21c9         Code  Wk  startup_stm32f10x_cl.o [3]
DMA1_Channel6_IRQHandler
                         0x800'21cd         Code  Wk  startup_stm32f10x_cl.o [3]
DMA1_Channel7_IRQHandler
                         0x800'21d1         Code  Wk  startup_stm32f10x_cl.o [3]
DMA2_Channel1_IRQHandler
                         0x800'2251         Code  Wk  startup_stm32f10x_cl.o [3]
DMA2_Channel2_IRQHandler
                         0x800'2255         Code  Wk  startup_stm32f10x_cl.o [3]
DMA2_Channel3_IRQHandler
                         0x800'2259         Code  Wk  startup_stm32f10x_cl.o [3]
DMA2_Channel4_IRQHandler
                         0x800'225d         Code  Wk  startup_stm32f10x_cl.o [3]
DMA2_Channel5_IRQHandler
                         0x800'2261         Code  Wk  startup_stm32f10x_cl.o [3]
DebugMon_Handler         0x800'2145    0x2  Code  Gb  stm32f10x_it.o [6]
Delay                    0x800'1f41    0xe  Code  Gb  main.o [6]
DeviceCode              0x2000'0030    0x2  Data  Gb  lcd.o [4]
ETH_IRQHandler           0x800'2265         Code  Wk  startup_stm32f10x_cl.o [3]
ETH_WKUP_IRQHandler      0x800'2269         Code  Wk  startup_stm32f10x_cl.o [3]
EXTI0_IRQHandler         0x800'21a5         Code  Wk  startup_stm32f10x_cl.o [3]
EXTI15_10_IRQHandler     0x800'222d         Code  Wk  startup_stm32f10x_cl.o [3]
EXTI1_IRQHandler         0x800'21a9         Code  Wk  startup_stm32f10x_cl.o [3]
EXTI2_IRQHandler         0x800'21ad         Code  Wk  startup_stm32f10x_cl.o [3]
EXTI3_IRQHandler         0x800'21b1         Code  Wk  startup_stm32f10x_cl.o [3]
EXTI4_IRQHandler         0x800'21b5         Code  Wk  startup_stm32f10x_cl.o [3]
EXTI9_5_IRQHandler       0x800'21e9         Code  Wk  startup_stm32f10x_cl.o [3]
FLASH_IRQHandler         0x800'219d         Code  Wk  startup_stm32f10x_cl.o [3]
GBHZ_16                  0x800'1258  0x594  Data  Gb  lcd.o [4]
GPIO_Init                0x800'0b45   0xc2  Code  Gb  stm32f10x_gpio.o [5]
GPIO_ReadInputData       0x800'0c07    0x6  Code  Gb  stm32f10x_gpio.o [5]
GPIO_ResetBits           0x800'0c13    0x6  Code  Gb  stm32f10x_gpio.o [5]
GPIO_SetBits             0x800'0c0d    0x6  Code  Gb  stm32f10x_gpio.o [5]
GPIO_Write               0x800'0c19    0x6  Code  Gb  stm32f10x_gpio.o [5]
HardFault_Handler        0x800'213b    0x2  Code  Gb  stm32f10x_it.o [6]
I2C1_ER_IRQHandler       0x800'220d         Code  Wk  startup_stm32f10x_cl.o [3]
I2C1_EV_IRQHandler       0x800'2209         Code  Wk  startup_stm32f10x_cl.o [3]
I2C2_ER_IRQHandler       0x800'2215         Code  Wk  startup_stm32f10x_cl.o [3]
I2C2_EV_IRQHandler       0x800'2211         Code  Wk  startup_stm32f10x_cl.o [3]
LCD_Clear                0x800'0661   0x28  Code  Gb  lcd.o [4]
LCD_Configuration        0x800'0291   0x74  Code  Lc  lcd.o [4]
LCD_Delay                0x800'0305   0x26  Code  Lc  lcd.o [4]
LCD_DrawCircle           0x800'071f   0xcc  Code  Gb  lcd.o [4]
LCD_DrawPoint            0x800'0707   0x18  Code  Gb  lcd.o [4]
LCD_Init                 0x800'032b  0x336  Code  Gb  lcd.o [4]
LCD_ReadReg              0x800'01e1   0x88  Code  Lc  lcd.o [4]
LCD_SetCursor            0x800'0689   0x3e  Code  Gb  lcd.o [4]
LCD_ShowChar             0x800'07eb  0x102  Code  Gb  lcd.o [4]
LCD_ShowCharString       0x800'08ed   0x58  Code  Gb  lcd.o [4]
LCD_ShowHzString         0x800'0ac7   0x62  Code  Gb  lcd.o [4]
LCD_ShowString           0x800'0945   0x5e  Code  Gb  lcd.o [4]
LCD_WR_DATA              0x800'0199   0x48  Code  Lc  lcd.o [4]
LCD_WR_REG               0x800'0151   0x48  Code  Lc  lcd.o [4]
LCD_WindowMax            0x800'06c7   0x40  Code  Gb  lcd.o [4]
LCD_WriteRAM             0x800'0287    0xa  Code  Lc  lcd.o [4]
LCD_WriteRAM_Prepare     0x800'027d    0xa  Code  Lc  lcd.o [4]
LCD_WriteReg             0x800'0269   0x14  Code  Lc  lcd.o [4]
MemManage_Handler        0x800'213d    0x2  Code  Gb  stm32f10x_it.o [6]
NMI_Handler              0x800'2139    0x2  Code  Gb  stm32f10x_it.o [6]
OTG_FS_IRQHandler        0x800'227d         Code  Wk  startup_stm32f10x_cl.o [3]
OTG_FS_WKUP_IRQHandler   0x800'2235         Code  Wk  startup_stm32f10x_cl.o [3]
PVD_IRQHandler           0x800'2191         Code  Wk  startup_stm32f10x_cl.o [3]
PendSV_Handler           0x800'2147    0x2  Code  Gb  stm32f10x_it.o [6]
RCC_APB2PeriphClockCmd   0x800'0c49   0x1c  Code  Gb  stm32f10x_rcc.o [5]
RCC_Configure            0x800'1f2d   0x14  Code  Gb  main.o [6]
RCC_IRQHandler           0x800'21a1         Code  Wk  startup_stm32f10x_cl.o [3]
RTCAlarm_IRQHandler      0x800'2231         Code  Wk  startup_stm32f10x_cl.o [3]
RTC_IRQHandler           0x800'2199         Code  Wk  startup_stm32f10x_cl.o [3]
Region$$Table$$Base      0x800'20c0          --   Gb  - Linker created -
Region$$Table$$Limit     0x800'20d4          --   Gb  - Linker created -
Reset_Handler            0x800'214d         Code  Wk  startup_stm32f10x_cl.o [3]
SPI1_IRQHandler          0x800'2219         Code  Wk  startup_stm32f10x_cl.o [3]
SPI2_IRQHandler          0x800'221d         Code  Wk  startup_stm32f10x_cl.o [3]
SPI3_IRQHandler          0x800'223d         Code  Wk  startup_stm32f10x_cl.o [3]
SVC_Handler              0x800'2143    0x2  Code  Gb  stm32f10x_it.o [6]
SetSysClock              0x800'1cb3    0x8  Code  Lc  system_stm32f10x.o [2]
SetSysClockTo72          0x800'1cbb   0xd2  Code  Lc  system_stm32f10x.o [2]
SysTick_Handler          0x800'2149    0x2  Code  Gb  stm32f10x_it.o [6]
SystemInit               0x800'1c61   0x52  Code  Gb  system_stm32f10x.o [2]
TAMPER_IRQHandler        0x800'2195         Code  Wk  startup_stm32f10x_cl.o [3]
TIM1_BRK_IRQHandler      0x800'21ed         Code  Wk  startup_stm32f10x_cl.o [3]
TIM1_CC_IRQHandler       0x800'21f9         Code  Wk  startup_stm32f10x_cl.o [3]
TIM1_TRG_COM_IRQHandler
                         0x800'21f5         Code  Wk  startup_stm32f10x_cl.o [3]
TIM1_UP_IRQHandler       0x800'21f1         Code  Wk  startup_stm32f10x_cl.o [3]
TIM2_IRQHandler          0x800'21fd         Code  Wk  startup_stm32f10x_cl.o [3]
TIM3_IRQHandler          0x800'2201         Code  Wk  startup_stm32f10x_cl.o [3]
TIM4_IRQHandler          0x800'2205         Code  Wk  startup_stm32f10x_cl.o [3]
TIM5_IRQHandler          0x800'2239         Code  Wk  startup_stm32f10x_cl.o [3]
TIM6_IRQHandler          0x800'2249         Code  Wk  startup_stm32f10x_cl.o [3]
TIM7_IRQHandler          0x800'224d         Code  Wk  startup_stm32f10x_cl.o [3]
Touch_Configuration      0x800'1fd1   0x50  Code  Gb  touch.o [4]
UART4_IRQHandler         0x800'2241         Code  Wk  startup_stm32f10x_cl.o [3]
UART5_IRQHandler         0x800'2245         Code  Wk  startup_stm32f10x_cl.o [3]
USART1_IRQHandler        0x800'2221         Code  Wk  startup_stm32f10x_cl.o [3]
USART2_IRQHandler        0x800'2225         Code  Wk  startup_stm32f10x_cl.o [3]
USART3_IRQHandler        0x800'2229         Code  Wk  startup_stm32f10x_cl.o [3]
UsageFault_Handler       0x800'2141    0x2  Code  Gb  stm32f10x_it.o [6]
WWDG_IRQHandler          0x800'218d         Code  Wk  startup_stm32f10x_cl.o [3]
WriteOneHz               0x800'09e7   0xe0  Code  Lc  lcd.o [4]
_PrintfTiny              0x800'1dc9  0x124  Code  Gb  xprintftiny.o [7]
_SProut                  0x800'1f23    0xa  Code  Gb  xsprout.o [7]
__cmain                  0x800'20d5         Code  Gb  cmain.o [9]
__exit                   0x800'2109   0x14  Code  Gb  exit.o [10]
__iar_copy_init3         0x800'0c1f   0x2a  Code  Gb  copy_init3.o [9]
__iar_data_init3         0x800'2099   0x28  Code  Gb  data_init.o [9]
__iar_program_start      0x800'211d         Code  Gb  cstartup_M.o [9]
__low_level_init         0x800'20f3    0x4  Code  Gb  low_level_init.o [7]
__vector_table           0x800'0000         Data  Gb  startup_stm32f10x_cl.o [3]
_call_main               0x800'20e1         Code  Gb  cmain.o [9]
_exit                    0x800'20fd         Code  Gb  cexit.o [9]
asc2_1206                0x800'17ec  0x474  Data  Gb  lcd.o [4]
asc2_1608                0x800'0c68  0x5f0  Data  Gb  lcd.o [4]
color                   0x2000'0000   0x30  Data  Gb  main.o [6]
exit                     0x800'20f7    0x4  Code  Gb  exit.o [7]
findHzIndex              0x800'09a3   0x44  Code  Lc  lcd.o [4]
main                     0x800'1f4f   0x72  Code  Gb  main.o [6]
out                      0x800'1db1   0x18  Code  Lc  xprintftiny.o [7]
sprintf                  0x800'2025   0x40  Code  Gb  sprintf.o [7]
strlen                   0x800'1eed         Code  Gb  strlen.o [9]


[1] = C:\code\Embedded_Lab\project\team02\Debug\Obj\CoreSupport
[2] = C:\code\Embedded_Lab\project\team02\Debug\Obj\Libraries\CMSIS\DeviceSupport
[3] = C:\code\Embedded_Lab\project\team02\Debug\Obj\Libraries\CMSIS\DeviceSupport\StartUp
[4] = C:\code\Embedded_Lab\project\team02\Debug\Obj\Libraries\LCD
[5] = C:\code\Embedded_Lab\project\team02\Debug\Obj\Libraries\STM32F10x_StdPeriph_Driver_v3.5\src
[6] = C:\code\Embedded_Lab\project\team02\Debug\Obj\user
[7] = dl7M_tln.a
[8] = m7M_tl.a
[9] = rt7M_tl.a
[10] = shb_l.a

  4'660 bytes of readonly  code memory
  4'172 bytes of readonly  data memory
  4'146 bytes of readwrite data memory

Errors: none
Warnings: none
