###############################################################################
#
# IAR ELF Linker V9.30.1.335/W64 for ARM                  02/Nov/2022  22:05:12
# Copyright 2007-2022 IAR Systems AB.
#
#    Output file  =  C:\code\Embedded_Lab\project\team02\Debug\Exe\newPro.out
#    Map file     =  C:\code\Embedded_Lab\project\team02\Debug\List\newPro.map
#    Command line =
#        -f C:\code\Embedded_Lab\project\team02\Debug\Exe\newPro.out.rsp
#        (C:\code\Embedded_Lab\project\team02\Debug\Obj\CoreSupport\core_cm3.o
#        C:\code\Embedded_Lab\project\team02\Debug\Obj\Libraries\LCD\lcd.o
#        C:\code\Embedded_Lab\project\team02\Debug\Obj\user\main.o
#        C:\code\Embedded_Lab\project\team02\Debug\Obj\Libraries\STM32F10x_StdPeriph_Driver_v3.5\src\misc.o
#        C:\code\Embedded_Lab\project\team02\Debug\Obj\Libraries\CMSIS\DeviceSupport\StartUp\startup_stm32f10x_cl.o
#        C:\code\Embedded_Lab\project\team02\Debug\Obj\Libraries\STM32F10x_StdPeriph_Driver_v3.5\src\stm32f10x_adc.o
#        C:\code\Embedded_Lab\project\team02\Debug\Obj\Libraries\STM32F10x_StdPeriph_Driver_v3.5\src\stm32f10x_bkp.o
#        C:\code\Embedded_Lab\project\team02\Debug\Obj\Libraries\STM32F10x_StdPeriph_Driver_v3.5\src\stm32f10x_can.o
#        C:\code\Embedded_Lab\project\team02\Debug\Obj\Libraries\STM32F10x_StdPeriph_Driver_v3.5\src\stm32f10x_cec.o
#        C:\code\Embedded_Lab\project\team02\Debug\Obj\Libraries\STM32F10x_StdPeriph_Driver_v3.5\src\stm32f10x_crc.o
#        C:\code\Embedded_Lab\project\team02\Debug\Obj\Libraries\STM32F10x_StdPeriph_Driver_v3.5\src\stm32f10x_dac.o
#        C:\code\Embedded_Lab\project\team02\Debug\Obj\Libraries\STM32F10x_StdPeriph_Driver_v3.5\src\stm32f10x_dbgmcu.o
#        C:\code\Embedded_Lab\project\team02\Debug\Obj\Libraries\STM32F10x_StdPeriph_Driver_v3.5\src\stm32f10x_dma.o
#        C:\code\Embedded_Lab\project\team02\Debug\Obj\Libraries\STM32F10x_StdPeriph_Driver_v3.5\src\stm32f10x_exti.o
#        C:\code\Embedded_Lab\project\team02\Debug\Obj\Libraries\STM32F10x_StdPeriph_Driver_v3.5\src\stm32f10x_flash.o
#        C:\code\Embedded_Lab\project\team02\Debug\Obj\Libraries\STM32F10x_StdPeriph_Driver_v3.5\src\stm32f10x_fsmc.o
#        C:\code\Embedded_Lab\project\team02\Debug\Obj\Libraries\STM32F10x_StdPeriph_Driver_v3.5\src\stm32f10x_gpio.o
#        C:\code\Embedded_Lab\project\team02\Debug\Obj\Libraries\STM32F10x_StdPeriph_Driver_v3.5\src\stm32f10x_i2c.o
#        C:\code\Embedded_Lab\project\team02\Debug\Obj\user\stm32f10x_it.o
#        C:\code\Embedded_Lab\project\team02\Debug\Obj\Libraries\STM32F10x_StdPeriph_Driver_v3.5\src\stm32f10x_iwdg.o
#        C:\code\Embedded_Lab\project\team02\Debug\Obj\Libraries\STM32F10x_StdPeriph_Driver_v3.5\src\stm32f10x_pwr.o
#        C:\code\Embedded_Lab\project\team02\Debug\Obj\Libraries\STM32F10x_StdPeriph_Driver_v3.5\src\stm32f10x_rcc.o
#        C:\code\Embedded_Lab\project\team02\Debug\Obj\Libraries\STM32F10x_StdPeriph_Driver_v3.5\src\stm32f10x_rtc.o
#        C:\code\Embedded_Lab\project\team02\Debug\Obj\Libraries\STM32F10x_StdPeriph_Driver_v3.5\src\stm32f10x_sdio.o
#        C:\code\Embedded_Lab\project\team02\Debug\Obj\Libraries\STM32F10x_StdPeriph_Driver_v3.5\src\stm32f10x_spi.o
#        C:\code\Embedded_Lab\project\team02\Debug\Obj\Libraries\STM32F10x_StdPeriph_Driver_v3.5\src\stm32f10x_tim.o
#        C:\code\Embedded_Lab\project\team02\Debug\Obj\Libraries\STM32F10x_StdPeriph_Driver_v3.5\src\stm32f10x_usart.o
#        C:\code\Embedded_Lab\project\team02\Debug\Obj\Libraries\STM32F10x_StdPeriph_Driver_v3.5\src\stm32f10x_wwdg.o
#        C:\code\Embedded_Lab\project\team02\Debug\Obj\Libraries\CMSIS\DeviceSupport\system_stm32f10x.o
#        C:\code\Embedded_Lab\project\team02\Debug\Obj\Libraries\LCD\touch.o
#        --no_out_extension -o
#        C:\code\Embedded_Lab\project\team02\Debug\Exe\newPro.out --map
#        C:\code\Embedded_Lab\project\team02\Debug\List\newPro.map --log
#        libraries,initialization,modules,redirects,sections,veneers,unused_fragments,call_graph
#        --log_file C:\code\Embedded_Lab\project\team02\Debug\List\newPro.log
#        --config "C:\Program Files\IAR Systems\Embedded Workbench
#        9.1\arm/config/linker/ST/stm32f107xC.icf" --semihosting --entry
#        __iar_program_start --vfe --text_out locale --cpu=Cortex-M3
#        --fpu=None)
#
###############################################################################

*******************************************************************************
*** RUNTIME MODEL ATTRIBUTES
***

CppFlavor       = *
__CPP_Runtime   = 1
__SystemLibrary = DLib
__dlib_version  = 6


*******************************************************************************
*** HEAP SELECTION
***

The basic heap was selected because --advanced_heap
was not specified and the application did not appear to
be primarily optimized for speed.


*******************************************************************************
*** PLACEMENT SUMMARY
***

"A0":  place at address 0x800'0000 { ro section .intvec };
"P1":  place in [from 0x800'0000 to 0x803'ffff] { ro };
define block CSTACK with size = 4K, alignment = 8 { };
define block HEAP with size = 4K, alignment = 8 { };
"P2":  place in [from 0x2000'0000 to 0x2000'ffff] {
          rw, block CSTACK, block HEAP };
initialize by copy { rw };

  Section            Kind         Address    Size  Object
  -------            ----         -------    ----  ------
"A0":                                       0x150
  .intvec            ro code   0x800'0000   0x150  startup_stm32f10x_cl.o [3]
                             - 0x800'0150   0x150

"P1":                                      0x2a34
  .text              ro code   0x800'0150   0xaf8  lcd.o [4]
  .text              ro code   0x800'0c48    0xda  stm32f10x_gpio.o [5]
  .text              ro code   0x800'0d22    0x2a  copy_init3.o [9]
  .text              ro code   0x800'0d4c    0x20  stm32f10x_rcc.o [5]
  .rodata            const     0x800'0d6c   0x5f0  lcd.o [4]
  .rodata            const     0x800'135c   0x594  lcd.o [4]
  .rodata            const     0x800'18f0   0x474  lcd.o [4]
  .text              ro code   0x800'1d64   0x3ec  touch.o [4]
  .text              ro code   0x800'2150    0x1a  U32ToFlt.o [8]
  .text              ro code   0x800'216c    0xd8  FltMul.o [8]
  .text              ro code   0x800'2244    0x24  S32ToFlt.o [8]
  .text              ro code   0x800'2268   0x162  FltAddSub.o [8]
  .text              ro code   0x800'23cc    0x26  FltToS32.o [8]
  .text              ro code   0x800'23f4   0x1de  stm32f10x_adc.o [5]
  .text              ro code   0x800'25d4   0x1c8  main.o [6]
  .text              ro code   0x800'279c    0x70  misc.o [5]
  .text              ro code   0x800'280c   0x150  system_stm32f10x.o [2]
  Initializer bytes  const     0x800'295c    0x40  <for P2-1>
  .text              ro code   0x800'299c    0x28  data_init.o [9]
  .iar.init_table    const     0x800'29c4    0x14  - Linker created -
  .text              ro code   0x800'29d8    0x1e  cmain.o [9]
  .text              ro code   0x800'29f6     0x4  low_level_init.o [7]
  .text              ro code   0x800'29fa     0x4  exit.o [7]
  .text              ro code   0x800'2a00     0xa  cexit.o [9]
  .text              ro code   0x800'2a0c    0x14  exit.o [10]
  .text              ro code   0x800'2a20    0x1c  cstartup_M.o [9]
  .text              ro code   0x800'2a3c    0x12  stm32f10x_it.o [6]
  .text              ro code   0x800'2a50    0x10  startup_stm32f10x_cl.o [3]
  .rodata            const     0x800'2a60     0xc  main.o [6]
  .text              ro code   0x800'2a6c     0x4  startup_stm32f10x_cl.o [3]
  .text              ro code   0x800'2a70     0x4  startup_stm32f10x_cl.o [3]
  .text              ro code   0x800'2a74     0x4  startup_stm32f10x_cl.o [3]
  .text              ro code   0x800'2a78     0x4  startup_stm32f10x_cl.o [3]
  .text              ro code   0x800'2a7c     0x4  startup_stm32f10x_cl.o [3]
  .text              ro code   0x800'2a80     0x4  startup_stm32f10x_cl.o [3]
  .text              ro code   0x800'2a84     0x4  startup_stm32f10x_cl.o [3]
  .text              ro code   0x800'2a88     0x4  startup_stm32f10x_cl.o [3]
  .text              ro code   0x800'2a8c     0x4  startup_stm32f10x_cl.o [3]
  .text              ro code   0x800'2a90     0x4  startup_stm32f10x_cl.o [3]
  .text              ro code   0x800'2a94     0x4  startup_stm32f10x_cl.o [3]
  .text              ro code   0x800'2a98     0x4  startup_stm32f10x_cl.o [3]
  .text              ro code   0x800'2a9c     0x4  startup_stm32f10x_cl.o [3]
  .text              ro code   0x800'2aa0     0x4  startup_stm32f10x_cl.o [3]
  .text              ro code   0x800'2aa4     0x4  startup_stm32f10x_cl.o [3]
  .text              ro code   0x800'2aa8     0x4  startup_stm32f10x_cl.o [3]
  .text              ro code   0x800'2aac     0x4  startup_stm32f10x_cl.o [3]
  .text              ro code   0x800'2ab0     0x4  startup_stm32f10x_cl.o [3]
  .text              ro code   0x800'2ab4     0x4  startup_stm32f10x_cl.o [3]
  .text              ro code   0x800'2ab8     0x4  startup_stm32f10x_cl.o [3]
  .text              ro code   0x800'2abc     0x4  startup_stm32f10x_cl.o [3]
  .text              ro code   0x800'2ac0     0x4  startup_stm32f10x_cl.o [3]
  .text              ro code   0x800'2ac4     0x4  startup_stm32f10x_cl.o [3]
  .text              ro code   0x800'2ac8     0x4  startup_stm32f10x_cl.o [3]
  .text              ro code   0x800'2acc     0x4  startup_stm32f10x_cl.o [3]
  .text              ro code   0x800'2ad0     0x4  startup_stm32f10x_cl.o [3]
  .text              ro code   0x800'2ad4     0x4  startup_stm32f10x_cl.o [3]
  .text              ro code   0x800'2ad8     0x4  startup_stm32f10x_cl.o [3]
  .text              ro code   0x800'2adc     0x4  startup_stm32f10x_cl.o [3]
  .text              ro code   0x800'2ae0     0x4  startup_stm32f10x_cl.o [3]
  .text              ro code   0x800'2ae4     0x4  startup_stm32f10x_cl.o [3]
  .text              ro code   0x800'2ae8     0x4  startup_stm32f10x_cl.o [3]
  .text              ro code   0x800'2aec     0x4  startup_stm32f10x_cl.o [3]
  .text              ro code   0x800'2af0     0x4  startup_stm32f10x_cl.o [3]
  .text              ro code   0x800'2af4     0x4  startup_stm32f10x_cl.o [3]
  .text              ro code   0x800'2af8     0x4  startup_stm32f10x_cl.o [3]
  .text              ro code   0x800'2afc     0x4  startup_stm32f10x_cl.o [3]
  .text              ro code   0x800'2b00     0x4  startup_stm32f10x_cl.o [3]
  .text              ro code   0x800'2b04     0x4  startup_stm32f10x_cl.o [3]
  .text              ro code   0x800'2b08     0x4  startup_stm32f10x_cl.o [3]
  .text              ro code   0x800'2b0c     0x4  startup_stm32f10x_cl.o [3]
  .text              ro code   0x800'2b10     0x4  startup_stm32f10x_cl.o [3]
  .text              ro code   0x800'2b14     0x4  startup_stm32f10x_cl.o [3]
  .text              ro code   0x800'2b18     0x4  startup_stm32f10x_cl.o [3]
  .text              ro code   0x800'2b1c     0x4  startup_stm32f10x_cl.o [3]
  .text              ro code   0x800'2b20     0x4  startup_stm32f10x_cl.o [3]
  .text              ro code   0x800'2b24     0x4  startup_stm32f10x_cl.o [3]
  .text              ro code   0x800'2b28     0x4  startup_stm32f10x_cl.o [3]
  .text              ro code   0x800'2b2c     0x4  startup_stm32f10x_cl.o [3]
  .text              ro code   0x800'2b30     0x4  startup_stm32f10x_cl.o [3]
  .text              ro code   0x800'2b34     0x4  startup_stm32f10x_cl.o [3]
  .text              ro code   0x800'2b38     0x4  startup_stm32f10x_cl.o [3]
  .text              ro code   0x800'2b3c     0x4  startup_stm32f10x_cl.o [3]
  .text              ro code   0x800'2b40     0x4  startup_stm32f10x_cl.o [3]
  .text              ro code   0x800'2b44     0x4  startup_stm32f10x_cl.o [3]
  .text              ro code   0x800'2b48     0x4  startup_stm32f10x_cl.o [3]
  .text              ro code   0x800'2b4c     0x4  startup_stm32f10x_cl.o [3]
  .text              ro code   0x800'2b50     0x4  startup_stm32f10x_cl.o [3]
  .text              ro code   0x800'2b54     0x4  startup_stm32f10x_cl.o [3]
  .text              ro code   0x800'2b58     0x4  startup_stm32f10x_cl.o [3]
  .text              ro code   0x800'2b5c     0x4  startup_stm32f10x_cl.o [3]
  .text              ro code   0x800'2b60     0x4  startup_stm32f10x_cl.o [3]
  .text              ro code   0x800'2b64     0x4  startup_stm32f10x_cl.o [3]
  .text              ro code   0x800'2b68     0x4  startup_stm32f10x_cl.o [3]
  .text              ro code   0x800'2b6c     0x4  startup_stm32f10x_cl.o [3]
  .text              ro code   0x800'2b70     0x4  startup_stm32f10x_cl.o [3]
  .text              ro code   0x800'2b74     0x4  startup_stm32f10x_cl.o [3]
  .text              ro code   0x800'2b78     0x4  startup_stm32f10x_cl.o [3]
  .text              ro code   0x800'2b7c     0x4  startup_stm32f10x_cl.o [3]
  .text              ro code   0x800'2b80     0x4  startup_stm32f10x_cl.o [3]
  .rodata            const     0x800'2b84     0x0  copy_init3.o [9]
                             - 0x800'2b84  0x2a34

"P2", part 1 of 2:                           0x40
  P2-1                        0x2000'0000    0x40  <Init block>
    .data            inited   0x2000'0000    0x30  main.o [6]
    .data            inited   0x2000'0030     0x4  touch.o [4]
    .data            inited   0x2000'0034     0x4  touch.o [4]
    .data            inited   0x2000'0038     0x2  touch.o [4]
    .data            inited   0x2000'003a     0x2  touch.o [4]
    .bss             inited   0x2000'003c     0x2  lcd.o [4]
    .bss             inited   0x2000'003e     0x2  main.o [6]
                            - 0x2000'0040    0x40

"P2", part 2 of 2:                         0x1000
  CSTACK                      0x2000'0040  0x1000  <Block>
    CSTACK           uninit   0x2000'0040  0x1000  <Block tail>
                            - 0x2000'1040  0x1000

Unused ranges:

         From           To      Size
         ----           --      ----
   0x800'2b84   0x803'ffff  0x3'd47c
  0x2000'1040  0x2000'ffff    0xefc0


*******************************************************************************
*** INIT TABLE
***

          Address      Size
          -------      ----
Copy (__iar_copy_init3)
    1 source range, total size 0x40:
           0x800'295c  0x40
    1 destination range, total size 0x40:
          0x2000'0000  0x40



*******************************************************************************
*** MODULE SUMMARY
***

    Module                  ro code  ro data  rw data
    ------                  -------  -------  -------
command line/config:
    -------------------------------------------------
    Total:

C:\code\Embedded_Lab\project\team02\Debug\Obj\CoreSupport: [1]
    -------------------------------------------------
    Total:

C:\code\Embedded_Lab\project\team02\Debug\Obj\Libraries\CMSIS\DeviceSupport: [2]
    system_stm32f10x.o          336
    -------------------------------------------------
    Total:                      336

C:\code\Embedded_Lab\project\team02\Debug\Obj\Libraries\CMSIS\DeviceSupport\StartUp: [3]
    startup_stm32f10x_cl.o      632
    -------------------------------------------------
    Total:                      632

C:\code\Embedded_Lab\project\team02\Debug\Obj\Libraries\LCD: [4]
    lcd.o                     2'808    4'090        2
    touch.o                   1'004       12       12
    -------------------------------------------------
    Total:                    3'812    4'102       14

C:\code\Embedded_Lab\project\team02\Debug\Obj\Libraries\STM32F10x_StdPeriph_Driver_v3.5\src: [5]
    misc.o                      112
    stm32f10x_adc.o             478
    stm32f10x_gpio.o            218
    stm32f10x_rcc.o              32
    -------------------------------------------------
    Total:                      840

C:\code\Embedded_Lab\project\team02\Debug\Obj\user: [6]
    main.o                      456       62       50
    stm32f10x_it.o               18
    -------------------------------------------------
    Total:                      474       62       50

dl7M_tln.a: [7]
    exit.o                        4
    low_level_init.o              4
    -------------------------------------------------
    Total:                        8

m7M_tl.a: [8]
    FltAddSub.o                 354
    FltMul.o                    216
    FltToS32.o                   38
    S32ToFlt.o                   36
    U32ToFlt.o                   26
    -------------------------------------------------
    Total:                      670

rt7M_tl.a: [9]
    cexit.o                      10
    cmain.o                      30
    copy_init3.o                 42
    cstartup_M.o                 28
    data_init.o                  40
    -------------------------------------------------
    Total:                      150

shb_l.a: [10]
    exit.o                       20
    -------------------------------------------------
    Total:                       20

    Gaps                         14
    Linker created                        20    4'096
-----------------------------------------------------
    Grand Total:              6'956    4'184    4'160


*******************************************************************************
*** ENTRY LIST
***

Entry                       Address   Size  Type      Object
-----                       -------   ----  ----      ------
.iar.init_table$$Base    0x800'29c4          --   Gb  - Linker created -
.iar.init_table$$Limit   0x800'29d8          --   Gb  - Linker created -
?main                    0x800'29d9         Code  Gb  cmain.o [9]
ADC1_2_IRQHandler        0x800'269f   0x28  Code  Gb  main.o [6]
ADC_ClearITPendingBit    0x800'25c5    0xe  Code  Gb  stm32f10x_adc.o [5]
ADC_Cmd                  0x800'243f   0x1a  Code  Gb  stm32f10x_adc.o [5]
ADC_Configure            0x800'2603   0x7a  Code  Gb  main.o [6]
ADC_GetCalibrationStatus
                         0x800'249d   0x12  Code  Gb  stm32f10x_adc.o [5]
ADC_GetConversionValue   0x800'258f    0x6  Code  Gb  stm32f10x_adc.o [5]
ADC_GetITStatus          0x800'259d   0x28  Code  Gb  stm32f10x_adc.o [5]
ADC_GetResetCalibrationStatus
                         0x800'2481   0x12  Code  Gb  stm32f10x_adc.o [5]
ADC_ITConfig             0x800'2459   0x1e  Code  Gb  stm32f10x_adc.o [5]
ADC_Init                 0x800'23f5   0x4a  Code  Gb  stm32f10x_adc.o [5]
ADC_RegularChannelConfig
                         0x800'24c9   0xc6  Code  Gb  stm32f10x_adc.o [5]
ADC_ResetCalibration     0x800'2477    0xa  Code  Gb  stm32f10x_adc.o [5]
ADC_SoftwareStartConvCmd
                         0x800'24af   0x1a  Code  Gb  stm32f10x_adc.o [5]
ADC_StartCalibration     0x800'2493    0xa  Code  Gb  stm32f10x_adc.o [5]
ADS_Read_AD              0x800'1db5   0x76  Code  Gb  touch.o [4]
ADS_Read_XY              0x800'1e2b   0xa4  Code  Gb  touch.o [4]
ADS_Write_Byte           0x800'1d65   0x4e  Code  Gb  touch.o [4]
Brightness              0x2000'003e    0x2  Data  Gb  main.o [6]
BusFault_Handler         0x800'2a43    0x2  Code  Gb  stm32f10x_it.o [6]
CAN1_RX0_IRQHandler      0x800'2ae1         Code  Wk  startup_stm32f10x_cl.o [3]
CAN1_RX1_IRQHandler      0x800'2ae5         Code  Wk  startup_stm32f10x_cl.o [3]
CAN1_SCE_IRQHandler      0x800'2ae9         Code  Wk  startup_stm32f10x_cl.o [3]
CAN1_TX_IRQHandler       0x800'2add         Code  Wk  startup_stm32f10x_cl.o [3]
CAN2_RX0_IRQHandler      0x800'2b75         Code  Wk  startup_stm32f10x_cl.o [3]
CAN2_RX1_IRQHandler      0x800'2b79         Code  Wk  startup_stm32f10x_cl.o [3]
CAN2_SCE_IRQHandler      0x800'2b7d         Code  Wk  startup_stm32f10x_cl.o [3]
CAN2_TX_IRQHandler       0x800'2b71         Code  Wk  startup_stm32f10x_cl.o [3]
CSTACK$$Base            0x2000'0040          --   Gb  - Linker created -
CSTACK$$Limit           0x2000'1040          --   Gb  - Linker created -
Convert_Pos              0x800'20d7   0x58  Code  Gb  touch.o [4]
DMA1_Channel1_IRQHandler
                         0x800'2abd         Code  Wk  startup_stm32f10x_cl.o [3]
DMA1_Channel2_IRQHandler
                         0x800'2ac1         Code  Wk  startup_stm32f10x_cl.o [3]
DMA1_Channel3_IRQHandler
                         0x800'2ac5         Code  Wk  startup_stm32f10x_cl.o [3]
DMA1_Channel4_IRQHandler
                         0x800'2ac9         Code  Wk  startup_stm32f10x_cl.o [3]
DMA1_Channel5_IRQHandler
                         0x800'2acd         Code  Wk  startup_stm32f10x_cl.o [3]
DMA1_Channel6_IRQHandler
                         0x800'2ad1         Code  Wk  startup_stm32f10x_cl.o [3]
DMA1_Channel7_IRQHandler
                         0x800'2ad5         Code  Wk  startup_stm32f10x_cl.o [3]
DMA2_Channel1_IRQHandler
                         0x800'2b55         Code  Wk  startup_stm32f10x_cl.o [3]
DMA2_Channel2_IRQHandler
                         0x800'2b59         Code  Wk  startup_stm32f10x_cl.o [3]
DMA2_Channel3_IRQHandler
                         0x800'2b5d         Code  Wk  startup_stm32f10x_cl.o [3]
DMA2_Channel4_IRQHandler
                         0x800'2b61         Code  Wk  startup_stm32f10x_cl.o [3]
DMA2_Channel5_IRQHandler
                         0x800'2b65         Code  Wk  startup_stm32f10x_cl.o [3]
DebugMon_Handler         0x800'2a49    0x2  Code  Gb  stm32f10x_it.o [6]
DeviceCode              0x2000'003c    0x2  Data  Gb  lcd.o [4]
ETH_IRQHandler           0x800'2b69         Code  Wk  startup_stm32f10x_cl.o [3]
ETH_WKUP_IRQHandler      0x800'2b6d         Code  Wk  startup_stm32f10x_cl.o [3]
EXTI0_IRQHandler         0x800'2aa9         Code  Wk  startup_stm32f10x_cl.o [3]
EXTI15_10_IRQHandler     0x800'2b31         Code  Wk  startup_stm32f10x_cl.o [3]
EXTI1_IRQHandler         0x800'2aad         Code  Wk  startup_stm32f10x_cl.o [3]
EXTI2_IRQHandler         0x800'2ab1         Code  Wk  startup_stm32f10x_cl.o [3]
EXTI3_IRQHandler         0x800'2ab5         Code  Wk  startup_stm32f10x_cl.o [3]
EXTI4_IRQHandler         0x800'2ab9         Code  Wk  startup_stm32f10x_cl.o [3]
EXTI9_5_IRQHandler       0x800'2aed         Code  Wk  startup_stm32f10x_cl.o [3]
FLASH_IRQHandler         0x800'2aa1         Code  Wk  startup_stm32f10x_cl.o [3]
GBHZ_16                  0x800'135c  0x594  Data  Gb  lcd.o [4]
GPIO_Configure           0x800'25eb   0x18  Code  Gb  main.o [6]
GPIO_Init                0x800'0c49   0xc2  Code  Gb  stm32f10x_gpio.o [5]
GPIO_ReadInputData       0x800'0d0b    0x6  Code  Gb  stm32f10x_gpio.o [5]
GPIO_ResetBits           0x800'0d17    0x6  Code  Gb  stm32f10x_gpio.o [5]
GPIO_SetBits             0x800'0d11    0x6  Code  Gb  stm32f10x_gpio.o [5]
GPIO_Write               0x800'0d1d    0x6  Code  Gb  stm32f10x_gpio.o [5]
HardFault_Handler        0x800'2a3f    0x2  Code  Gb  stm32f10x_it.o [6]
I2C1_ER_IRQHandler       0x800'2b11         Code  Wk  startup_stm32f10x_cl.o [3]
I2C1_EV_IRQHandler       0x800'2b0d         Code  Wk  startup_stm32f10x_cl.o [3]
I2C2_ER_IRQHandler       0x800'2b19         Code  Wk  startup_stm32f10x_cl.o [3]
I2C2_EV_IRQHandler       0x800'2b15         Code  Wk  startup_stm32f10x_cl.o [3]
Init                     0x800'26c7   0x20  Code  Gb  main.o [6]
LCD_Clear                0x800'0679   0x28  Code  Gb  lcd.o [4]
LCD_Configuration        0x800'0291   0x74  Code  Lc  lcd.o [4]
LCD_Delay                0x800'0305   0x26  Code  Lc  lcd.o [4]
LCD_DrawCircle           0x800'0737   0xcc  Code  Gb  lcd.o [4]
LCD_DrawPoint            0x800'071f   0x18  Code  Gb  lcd.o [4]
LCD_Init                 0x800'0343  0x336  Code  Gb  lcd.o [4]
LCD_ReadReg              0x800'01e1   0x88  Code  Lc  lcd.o [4]
LCD_SetCursor            0x800'06a1   0x3e  Code  Gb  lcd.o [4]
LCD_ShowChar             0x800'0803  0x102  Code  Gb  lcd.o [4]
LCD_ShowCharString       0x800'0905   0x58  Code  Gb  lcd.o [4]
LCD_ShowHzString         0x800'0bcb   0x62  Code  Gb  lcd.o [4]
LCD_ShowNum              0x800'095d   0xec  Code  Gb  lcd.o [4]
LCD_ShowString           0x800'0a49   0x5e  Code  Gb  lcd.o [4]
LCD_WR_DATA              0x800'0199   0x48  Code  Lc  lcd.o [4]
LCD_WR_REG               0x800'0151   0x48  Code  Lc  lcd.o [4]
LCD_WindowMax            0x800'06df   0x40  Code  Gb  lcd.o [4]
LCD_WriteRAM             0x800'0287    0xa  Code  Lc  lcd.o [4]
LCD_WriteRAM_Prepare     0x800'027d    0xa  Code  Lc  lcd.o [4]
LCD_WriteReg             0x800'0269   0x14  Code  Lc  lcd.o [4]
MemManage_Handler        0x800'2a41    0x2  Code  Gb  stm32f10x_it.o [6]
NMI_Handler              0x800'2a3d    0x2  Code  Gb  stm32f10x_it.o [6]
NVIC_Configure           0x800'267d   0x22  Code  Gb  main.o [6]
NVIC_Init                0x800'279d   0x60  Code  Gb  misc.o [5]
OTG_FS_IRQHandler        0x800'2b81         Code  Wk  startup_stm32f10x_cl.o [3]
OTG_FS_WKUP_IRQHandler   0x800'2b39         Code  Wk  startup_stm32f10x_cl.o [3]
PVD_IRQHandler           0x800'2a95         Code  Wk  startup_stm32f10x_cl.o [3]
PendSV_Handler           0x800'2a4b    0x2  Code  Gb  stm32f10x_it.o [6]
RCC_APB2PeriphClockCmd   0x800'0d4d   0x1c  Code  Gb  stm32f10x_rcc.o [5]
RCC_Configure            0x800'25d5   0x16  Code  Gb  main.o [6]
RCC_IRQHandler           0x800'2aa5         Code  Wk  startup_stm32f10x_cl.o [3]
RTCAlarm_IRQHandler      0x800'2b35         Code  Wk  startup_stm32f10x_cl.o [3]
RTC_IRQHandler           0x800'2a9d         Code  Wk  startup_stm32f10x_cl.o [3]
Read_ADSX                0x800'1ecf   0x1c  Code  Gb  touch.o [4]
Read_ADSY                0x800'1eeb   0x1c  Code  Gb  touch.o [4]
Region$$Table$$Base      0x800'29c4          --   Gb  - Linker created -
Region$$Table$$Limit     0x800'29d8          --   Gb  - Linker created -
Reset_Handler            0x800'2a51         Code  Wk  startup_stm32f10x_cl.o [3]
SPI1_IRQHandler          0x800'2b1d         Code  Wk  startup_stm32f10x_cl.o [3]
SPI2_IRQHandler          0x800'2b21         Code  Wk  startup_stm32f10x_cl.o [3]
SPI3_IRQHandler          0x800'2b41         Code  Wk  startup_stm32f10x_cl.o [3]
SVC_Handler              0x800'2a47    0x2  Code  Gb  stm32f10x_it.o [6]
SetSysClock              0x800'285f    0x8  Code  Lc  system_stm32f10x.o [2]
SetSysClockTo72          0x800'2867   0xd2  Code  Lc  system_stm32f10x.o [2]
SysTick_Handler          0x800'2a4d    0x2  Code  Gb  stm32f10x_it.o [6]
SystemInit               0x800'280d   0x52  Code  Gb  system_stm32f10x.o [2]
TAMPER_IRQHandler        0x800'2a99         Code  Wk  startup_stm32f10x_cl.o [3]
TIM1_BRK_IRQHandler      0x800'2af1         Code  Wk  startup_stm32f10x_cl.o [3]
TIM1_CC_IRQHandler       0x800'2afd         Code  Wk  startup_stm32f10x_cl.o [3]
TIM1_TRG_COM_IRQHandler
                         0x800'2af9         Code  Wk  startup_stm32f10x_cl.o [3]
TIM1_UP_IRQHandler       0x800'2af5         Code  Wk  startup_stm32f10x_cl.o [3]
TIM2_IRQHandler          0x800'2b01         Code  Wk  startup_stm32f10x_cl.o [3]
TIM3_IRQHandler          0x800'2b05         Code  Wk  startup_stm32f10x_cl.o [3]
TIM4_IRQHandler          0x800'2b09         Code  Wk  startup_stm32f10x_cl.o [3]
TIM5_IRQHandler          0x800'2b3d         Code  Wk  startup_stm32f10x_cl.o [3]
TIM6_IRQHandler          0x800'2b4d         Code  Wk  startup_stm32f10x_cl.o [3]
TIM7_IRQHandler          0x800'2b51         Code  Wk  startup_stm32f10x_cl.o [3]
Touch_Configuration      0x800'2087   0x50  Code  Gb  touch.o [4]
Touch_GetXY              0x800'2047   0x40  Code  Gb  touch.o [4]
Touch_GexX               0x800'1f07   0xa0  Code  Gb  touch.o [4]
Touch_GexY               0x800'1fa7   0xa0  Code  Gb  touch.o [4]
UART4_IRQHandler         0x800'2b45         Code  Wk  startup_stm32f10x_cl.o [3]
UART5_IRQHandler         0x800'2b49         Code  Wk  startup_stm32f10x_cl.o [3]
USART1_IRQHandler        0x800'2b25         Code  Wk  startup_stm32f10x_cl.o [3]
USART2_IRQHandler        0x800'2b29         Code  Wk  startup_stm32f10x_cl.o [3]
USART3_IRQHandler        0x800'2b2d         Code  Wk  startup_stm32f10x_cl.o [3]
UsageFault_Handler       0x800'2a45    0x2  Code  Gb  stm32f10x_it.o [6]
WWDG_IRQHandler          0x800'2a91         Code  Wk  startup_stm32f10x_cl.o [3]
WriteOneHz               0x800'0aeb   0xe0  Code  Lc  lcd.o [4]
__aeabi_f2iz             0x800'23cd         Code  Gb  FltToS32.o [8]
__aeabi_fadd             0x800'2269         Code  Gb  FltAddSub.o [8]
__aeabi_fmul             0x800'216d         Code  Gb  FltMul.o [8]
__aeabi_i2f              0x800'2245         Code  Gb  S32ToFlt.o [8]
__aeabi_ui2f             0x800'2151         Code  Gb  U32ToFlt.o [8]
__cmain                  0x800'29d9         Code  Gb  cmain.o [9]
__exit                   0x800'2a0d   0x14  Code  Gb  exit.o [10]
__iar_copy_init3         0x800'0d23   0x2a  Code  Gb  copy_init3.o [9]
__iar_data_init3         0x800'299d   0x28  Code  Gb  data_init.o [9]
__iar_program_start      0x800'2a21         Code  Gb  cstartup_M.o [9]
__low_level_init         0x800'29f7    0x4  Code  Gb  low_level_init.o [7]
__vector_table           0x800'0000         Data  Gb  startup_stm32f10x_cl.o [3]
_call_main               0x800'29e5         Code  Gb  cmain.o [9]
_exit                    0x800'2a01         Code  Gb  cexit.o [9]
asc2_1206                0x800'18f0  0x474  Data  Gb  lcd.o [4]
asc2_1608                0x800'0d6c  0x5f0  Data  Gb  lcd.o [4]
color                   0x2000'0000   0x30  Data  Gb  main.o [6]
exit                     0x800'29fb    0x4  Code  Gb  exit.o [7]
findHzIndex              0x800'0aa7   0x44  Code  Lc  lcd.o [4]
main                     0x800'26e7   0x9e  Code  Gb  main.o [6]
mypow                    0x800'032b   0x18  Code  Lc  lcd.o [4]
xfac                    0x2000'0030    0x4  Data  Gb  touch.o [4]
xoff                    0x2000'0038    0x2  Data  Gb  touch.o [4]
yfac                    0x2000'0034    0x4  Data  Gb  touch.o [4]
yoff                    0x2000'003a    0x2  Data  Gb  touch.o [4]


[1] = C:\code\Embedded_Lab\project\team02\Debug\Obj\CoreSupport
[2] = C:\code\Embedded_Lab\project\team02\Debug\Obj\Libraries\CMSIS\DeviceSupport
[3] = C:\code\Embedded_Lab\project\team02\Debug\Obj\Libraries\CMSIS\DeviceSupport\StartUp
[4] = C:\code\Embedded_Lab\project\team02\Debug\Obj\Libraries\LCD
[5] = C:\code\Embedded_Lab\project\team02\Debug\Obj\Libraries\STM32F10x_StdPeriph_Driver_v3.5\src
[6] = C:\code\Embedded_Lab\project\team02\Debug\Obj\user
[7] = dl7M_tln.a
[8] = m7M_tl.a
[9] = rt7M_tl.a
[10] = shb_l.a

  6'956 bytes of readonly  code memory
  4'184 bytes of readonly  data memory
  4'160 bytes of readwrite data memory

Errors: none
Warnings: none
